
*** "/cygdrive/d/Users/120181/cyghome/temp/Source/utils/../bin/i686-pc-cygwin/g95/getopt" 'r:stg:v' -r 1 -t -g 2 -s -q
-r: illegal option -- q


*** "/cygdrive/d/Users/120181/cyghome/temp/Source/utils/../bin/i686-pc-cygwin/g95/getopt" 'r:stg:v' 100 -r 1 -t -g 3 -s 20 id 'file name'
 
Non-option arguments:
args[0]: 100
args[1]: 20
args[2]: id
args[3]: file name



*** "/cygdrive/d/Users/120181/cyghome/temp/Source/utils/../bin/i686-pc-cygwin/g95/getopt" 'r:stg:v' -r 1 -t -g 2 -s
 
Non-option arguments:



*** "/cygdrive/d/Users/120181/cyghome/temp/Source/utils/../bin/i686-pc-cygwin/g95/getopt" 'r:stg:v' -v -r 1 -t -g 2 -s
 -v: option[118]=1
-r: option[114]=1 => 1
-t: option[116]=1
-g: option[103]=1 => 2
-s: option[115]=1

Non-option arguments:



*** "/cygdrive/d/Users/120181/cyghome/temp/Source/utils/../bin/i686-pc-cygwin/g95/getopt" 'r:stg:v' -v -r 1 -t -g3 -s
 -v: option[118]=1
-r: option[114]=1 => 1
-t: option[116]=1
-g: option[103]=1 => 3
-s: option[115]=1

Non-option arguments:



*** "/cygdrive/d/Users/120181/cyghome/temp/Source/utils/../bin/i686-pc-cygwin/g95/getopt" 'r:stg:v' -v -r 1 -t -g -s
 -v: option[118]=1
-r: option[114]=1 => 1
-t: option[116]=1
-g: option[103]=1 => -s

Non-option arguments:



*** "/cygdrive/d/Users/120181/cyghome/temp/Source/utils/../bin/i686-pc-cygwin/g95/getopt" 'r:stg:v' -v -r 1 -t -g 3 -s -q
-v: illegal option -- q
-v: option[118]=1
-r: option[114]=1 => 1
-t: option[116]=1
-g: option[103]=1 => 3
-s: option[115]=1


*** "/cygdrive/d/Users/120181/cyghome/temp/Source/utils/../bin/i686-pc-cygwin/g95/getopt" 'r:stg:v' -v -r 1 -t -g 3 -s 10
 -v: option[118]=1
-r: option[114]=1 => 1
-t: option[116]=1
-g: option[103]=1 => 3
-s: option[115]=1

Non-option arguments:
args[0]: 10



*** "/cygdrive/d/Users/120181/cyghome/temp/Source/utils/../bin/i686-pc-cygwin/g95/getopt" 'r:stg:v' -v 100 -r1 -t -g 3 -s 10
 -v: option[118]=1
-r: option[114]=1 => 1
-t: option[116]=1
-g: option[103]=1 => 3
-s: option[115]=1

Non-option arguments:
args[0]: 100
args[1]: 10



*** "/cygdrive/d/Users/120181/cyghome/temp/Source/utils/../bin/i686-pc-cygwin/g95/getopt" 'r:stg:v' -v -r1 -t -g 3 -s 100
 -v: option[118]=1
-r: option[114]=1 => 1
-t: option[116]=1
-g: option[103]=1 => 3
-s: option[115]=1

Non-option arguments:
args[0]: 100



*** "/cygdrive/d/Users/120181/cyghome/temp/Source/utils/../bin/i686-pc-cygwin/g95/getopt" 'r:stg:v' -v 10 -r1 -t -g 3 -s 100
 -v: option[118]=1
-r: option[114]=1 => 1
-t: option[116]=1
-g: option[103]=1 => 3
-s: option[115]=1

Non-option arguments:
args[0]: 10
args[1]: 100



*** "/cygdrive/d/Users/120181/cyghome/temp/Source/utils/../bin/i686-pc-cygwin/g95/getopt" 'r:stg:v' -v 100 -r 1 -t -g 3 -s 20 id 'file name'
 -v: option[118]=1
-r: option[114]=1 => 1
-t: option[116]=1
-g: option[103]=1 => 3
-s: option[115]=1

Non-option arguments:
args[0]: 100
args[1]: 20
args[2]: id
args[3]: file name


