
--- Interpolate using tableType EOS_Ue_DT ---
EOS_SPLIT_IDEAL_GAS: NOT FORCED
	i=0	X = 3.000000e+03, Y = 2.000000e+04, F = 9.651299e-02, dFx = -2.116169e-04, dFy = 1.588712e-05, errorCode: 0
	i=1	X = 6.000000e+03, Y = 6.200000e+05, F = 2.173849e+02, dFx = 1.092050e-02, dFy = 1.004617e-03, errorCode: 0
	i=2	X = 8.200000e+03, Y = 4.000000e+06, F = 1.495410e+03, dFx = -2.877689e-02, dFy = 1.926141e-04, errorCode: 0
	i=3	X = 8.300000e+03, Y = 2.000000e+08, F = 1.056251e+06, dFx = -7.200817e+00, dFy = 6.029481e-03, errorCode: 0

--- Interpolate using tableType EOS_Ue_DT ---
EOS_SPLIT_IDEAL_GAS: FORCED
	i=0	X = 3.000000e+03, Y = 2.000000e+04, F = 0.000000e+00, dFx = 0.000000e+00, dFy = 0.000000e+00, errorCode: 0
	i=1	X = 6.000000e+03, Y = 6.200000e+05, F = 3.011998e+02, dFx = 3.665937e-03, dFy = 1.220786e-03, errorCode: 0
	i=2	X = 8.200000e+03, Y = 4.000000e+06, F = 1.876125e+03, dFx = -1.650658e-02, dFy = 5.527761e-04, errorCode: 0
	i=3	X = 8.300000e+03, Y = 2.000000e+08, F = 1.077368e+06, dFx = -6.338097e+00, dFy = 6.095833e-03, errorCode: 0

--- Interpolate using tableType EOS_Ue_DT ---
EOS_SPLIT_COWAN: NOT FORCED
	i=0	X = 3.000000e+03, Y = 2.000000e+04, F = 9.651299e-02, dFx = -2.116169e-04, dFy = 1.588712e-05, errorCode: 0
	i=1	X = 6.000000e+03, Y = 6.200000e+05, F = 2.173849e+02, dFx = 1.092050e-02, dFy = 1.004617e-03, errorCode: 0
	i=2	X = 8.200000e+03, Y = 4.000000e+06, F = 1.495410e+03, dFx = -2.877689e-02, dFy = 1.926141e-04, errorCode: 0
	i=3	X = 8.300000e+03, Y = 2.000000e+08, F = 1.056251e+06, dFx = -7.200817e+00, dFy = 6.029481e-03, errorCode: 0

--- Interpolate using tableType EOS_Ue_DT ---
EOS_SPLIT_COWAN: FORCED
	i=0	X = 3.000000e+03, Y = 2.000000e+04, F = 0.000000e+00, dFx = 0.000000e+00, dFy = 0.000000e+00, errorCode: 0
	i=1	X = 6.000000e+03, Y = 6.200000e+05, F = 1.575846e+02, dFx = 2.069760e-03, dFy = 9.933870e-04, errorCode: 0
	i=2	X = 8.200000e+03, Y = 4.000000e+06, F = 9.815480e+02, dFx = -1.711373e-02, dFy = 3.296923e-04, errorCode: 0
	i=3	X = 8.300000e+03, Y = 2.000000e+08, F = 1.056172e+06, dFx = -7.208920e+00, dFy = 6.029479e-03, errorCode: 0

--- Interpolate using tableType EOS_Ue_DT ---
EOS_SPLIT_NUM_PROP: NOT FORCED
	i=0	X = 3.000000e+03, Y = 2.000000e+04, F = 9.651299e-02, dFx = -2.116169e-04, dFy = 1.588712e-05, errorCode: 0
	i=1	X = 6.000000e+03, Y = 6.200000e+05, F = 2.173849e+02, dFx = 1.092050e-02, dFy = 1.004617e-03, errorCode: 0
	i=2	X = 8.200000e+03, Y = 4.000000e+06, F = 1.495410e+03, dFx = -2.877689e-02, dFy = 1.926141e-04, errorCode: 0
	i=3	X = 8.300000e+03, Y = 2.000000e+08, F = 1.056251e+06, dFx = -7.200817e+00, dFy = 6.029481e-03, errorCode: 0

--- Interpolate using tableType EOS_Ue_DT ---
EOS_SPLIT_NUM_PROP: FORCED
	i=0	X = 3.000000e+03, Y = 2.000000e+04, F = 0.000000e+00, dFx = 0.000000e+00, dFy = 0.000000e+00, errorCode: 0
	i=1	X = 6.000000e+03, Y = 6.200000e+05, F = 8.668484e+01, dFx = -8.556003e-03, dFy = 5.851286e-04, errorCode: 0
	i=2	X = 8.200000e+03, Y = 4.000000e+06, F = 1.837045e+03, dFx = -2.878911e-02, dFy = 6.975201e-04, errorCode: 0
	i=3	X = 8.300000e+03, Y = 2.000000e+08, F = 1.076515e+06, dFx = -6.315128e+00, dFy = 6.093323e-03, errorCode: 0
