

BEFORE UNPACKING: 

--- TEST eos_Interpolate using category 0 tableType: EOS_Pt_DT ---
12008: EOS_INTERP_EXTRAPOLATED: Interpolation caused extrapolation beyond data table boundaries
EOS_Pt_DT Interpolation Results:
	i=0	X = 9.300000e-01, Y = 2.000000e+03, F = -2.700000e+01, dFx = 0.000000e+00, dFy = 1.000000e-02, errorCode: 12008
	i=1	X = 2.000000e+00, Y = 2.000000e+03, F = -2.700000e+01, dFx = 0.000000e+00, dFy = 1.000000e-02, errorCode: 12008
	i=2	X = 2.000000e+00, Y = 5.000000e+03, F = 3.000000e+00, dFx = 0.000000e+00, dFy = 1.000000e-02, errorCode: 12008
	i=3	X = 2.000000e+00, Y = 6.000000e+03, F = 1.300000e+01, dFx = 0.000000e+00, dFy = 1.000000e-02, errorCode: 12008
	i=4	X = 1.150000e+00, Y = 6.000000e+03, F = 1.300000e+01, dFx = 0.000000e+00, dFy = 1.000000e-02, errorCode: 12008
	i=5	X = 2.000000e-01, Y = 6.000000e+03, F = 1.300000e+01, dFx = 0.000000e+00, dFy = 1.000000e-02, errorCode: 12008
	i=6	X = 2.000000e-01, Y = 4.975000e+03, F = 2.750000e+00, dFx = 0.000000e+00, dFy = 1.000000e-02, errorCode: 12008
	i=7	X = 2.000000e-01, Y = 1.050000e+03, F = -3.650000e+01, dFx = 0.000000e+00, dFy = 1.000000e-02, errorCode: 12008


AFTER UNPACKING: 

--- TEST eos_Interpolate using category 0 tableType: EOS_Pt_DT ---
12008: EOS_INTERP_EXTRAPOLATED: Interpolation caused extrapolation beyond data table boundaries
EOS_Pt_DT Interpolation Results:
	i=0	X = 9.300000e-01, Y = 2.000000e+03, F = -2.700000e+01, dFx = 0.000000e+00, dFy = 1.000000e-02, errorCode: 12008
	i=1	X = 2.000000e+00, Y = 2.000000e+03, F = -2.700000e+01, dFx = 0.000000e+00, dFy = 1.000000e-02, errorCode: 12008
	i=2	X = 2.000000e+00, Y = 5.000000e+03, F = 3.000000e+00, dFx = 0.000000e+00, dFy = 1.000000e-02, errorCode: 12008
	i=3	X = 2.000000e+00, Y = 6.000000e+03, F = 1.300000e+01, dFx = 0.000000e+00, dFy = 1.000000e-02, errorCode: 12008
	i=4	X = 1.150000e+00, Y = 6.000000e+03, F = 1.300000e+01, dFx = 0.000000e+00, dFy = 1.000000e-02, errorCode: 12008
	i=5	X = 2.000000e-01, Y = 6.000000e+03, F = 1.300000e+01, dFx = 0.000000e+00, dFy = 1.000000e-02, errorCode: 12008
	i=6	X = 2.000000e-01, Y = 4.975000e+03, F = 2.750000e+00, dFx = 0.000000e+00, dFy = 1.000000e-02, errorCode: 12008
	i=7	X = 2.000000e-01, Y = 1.050000e+03, F = -3.650000e+01, dFx = 0.000000e+00, dFy = 1.000000e-02, errorCode: 12008
