This test was successfully compiled and executed: 1
