
fcmp_ignore: EOSPAC version No version information has been defined for this build of EOSPAC 6.

 eos_Interpolate:
  rho=1.00e-04, T=2000.000

    Ut(rho=-1.000000000000000e-04, T= 2.000000000000000e+03)= 2.061960181851272e+00  EOS_xLo_yOk 
    Pt(rho=-1.000000000000000e-04, T= 2.000000000000000e+03)= 2.150292357684635e-09  EOS_xLo_yOk 
    Ut(Pt = 2.150292357684635e-09, T= 2.000000000000000e+03)= 2.061960181851272e+00  EOS_xLo_yOk 

    Ut(rho= 2.962962962962963e-05, T= 2.000000000000000e+03)= 1.787130769841542e+00  
    Pt(rho= 2.962962962962963e-05, T= 2.000000000000000e+03)= 1.814882628113992e-05  
    Ut(Pt = 1.814882628113992e-05, T= 2.000000000000000e+03)= 1.787130769841542e+00  

    Ut(rho= 4.444444444444445e-05, T= 2.000000000000000e+03)= 1.788022337201075e+00  
    Pt(rho= 4.444444444444445e-05, T= 2.000000000000000e+03)= 2.709871672399935e-05  
    Ut(Pt = 2.709871672399935e-05, T= 2.000000000000000e+03)= 1.788022337201075e+00  

    Ut(rho= 6.666666666666667e-05, T= 2.000000000000000e+03)= 1.786273718100005e+00  
    Pt(rho= 6.666666666666667e-05, T= 2.000000000000000e+03)= 4.048021061608593e-05  
    Ut(Pt = 4.048021061608593e-05, T= 2.000000000000000e+03)= 1.786273718100005e+00  

 >>>Ut(rho= 1.000000000000000e-04, T= 2.000000000000000e+03)= 1.783299604106005e+00  
    Pt(rho= 1.000000000000000e-04, T= 2.000000000000000e+03)= 6.047455438776404e-05  
    Ut(Pt = 6.047455438776404e-05, T= 2.000000000000000e+03)= 1.783299604105754e+00  <<<

    Ut(rho= 1.500000000000000e-04, T= 2.000000000000000e+03)= 1.777728461461890e+00  
    Pt(rho= 1.500000000000000e-04, T= 2.000000000000000e+03)= 9.040191107516997e-05  
    Ut(Pt = 9.040191107516997e-05, T= 2.000000000000000e+03)= 1.777728461461890e+00  

    Ut(rho= 2.250000000000000e-04, T= 2.000000000000000e+03)= 1.776418328006203e+00  
    Pt(rho= 2.250000000000000e-04, T= 2.000000000000000e+03)= 1.351254847519476e-04  
    Ut(Pt = 1.351254847519476e-04, T= 2.000000000000000e+03)= 1.776418328006203e+00  

    Ut(rho= 3.375000000000000e-04, T= 2.000000000000000e+03)= 1.776219900744582e+00  
    Pt(rho= 3.375000000000000e-04, T= 2.000000000000000e+03)= 2.019065121875693e-04  
    Ut(Pt = 2.019065121875693e-04, T= 2.000000000000000e+03)= 1.776219900744582e+00  

    Ut(rho= 5.062500000000000e-04, T= 2.000000000000000e+03)= 1.776647018128533e+00  
    Pt(rho= 5.062500000000000e-04, T= 2.000000000000000e+03)= 3.015625802483497e-04  
    Ut(Pt = 3.015625802483497e-04, T= 2.000000000000000e+03)= 1.776647018128533e+00  

    Ut(rho= 7.593750000000000e-04, T= 2.000000000000000e+03)= 1.775168060374615e+00  
    Pt(rho= 7.593750000000000e-04, T= 2.000000000000000e+03)= 4.495737878015692e-04  
    Ut(Pt = 4.495737878015692e-04, T= 2.000000000000000e+03)= 1.775168060374615e+00  

    Ut(rho= 1.139062500000000e-03, T= 2.000000000000000e+03)= 1.772294707099839e+00  
    Pt(rho= 1.139062500000000e-03, T= 2.000000000000000e+03)= 6.713745435454469e-04  
    Ut(Pt = 6.713745435454469e-04, T= 2.000000000000000e+03)= 1.772294707099839e+00  

