
--- Interpolate using tableType EOS_T_DPic ---
EOS_T_DPic Interpolation Results:
eos_Interpolate ERROR 12008 (TH=0): EOS_INTERP_EXTRAPOLATED: Interpolation caused extrapolation beyond data table boundaries (Newton-Bisection method exceeded 100 iterations given convergence criterion 1.818989e-12 (rel.err=789.549))

--- Interpolate using tableType EOS_T_DPic ---
EOS_T_DPic Interpolation Results:
eos_Interpolate ERROR 22008 (TH=1): EOS_INTERP_EXTRAPOLATED: Interpolation caused extrapolation beyond data table boundaries (Newton-Bisection method exceeded 100 iterations given convergence criterion 1.818989e-12 (rel.err=25265.6))
