material ID: 3720
-------------------
eos_CreateTables ... EOS_OK
th 0: NR = 111 and NT = 1	NR changed from 0	NT changed from 0
eos_SetOption ... EOS_OK (EOS_DUMP_DATA)
th 0: NR = 111 and NT = 1
eos_SetOption ... EOS_OK (EOS_SPLIT_FORCED)
th 0: NR = 111 and NT = 1
eos_SetOption ... EOS_OK (EOS_SPLIT_NUM_PROP)
th 0: NR = 111 and NT = 1
eos_LoadTables ... EOS_OK
th 0: NR = 111 and NT = 1
