material ID: 3720
-------------------
eos_CreateTables ... EOS_OK
th 0: NR = 111 and NT = 77	NR changed from 0	NT changed from 0
eos_SetOption ... EOS_OK (EOS_DUMP_DATA)
th 0: NR = 111 and NT = 77
eos_SetOption ... EOS_OK (EOS_SPLIT_FORCED)
th 0: NR = 111 and NT = 77
eos_SetOption ... EOS_OK (EOS_SPLIT_IDEAL_GAS)
th 0: NR = 111 and NT = 77
eos_LoadTables ... EOS_OK
th 0: NR = 111 and NT = 78	NT changed from 77
