     i                   x(i)                   y(i)               value(i)                sval(i)                   diff extrap1 extrap2
  4176      4.904744260000000      0.000161990000000      1.464318227995401      1.464318227995402  0.454910552938351E-15    2026    2026
  4387      5.188950250000000      0.000161990000000      1.794403825097217      1.794403825097217  0.247485657151897E-15    2026    2026
  4558      5.399462910000000      0.000269480000000      2.062621934297622      2.062621934297623  0.215303251878433E-15    2026    2026
  5142      5.949295830000000      0.008038730000000      2.859124880811871      2.859124880811871  0.000000000000000E+00    2026    2026
  5223      6.022236470000000      0.000161990000000      2.975226535940184      2.975226535940184  0.000000000000000E+00    2026    2026
  5270      6.064303030000000      0.000642260000000      3.043311844354839      3.043311844354839  0.000000000000000E+00    2026    2026
  icount=           6
