  
--- Interpolate using tableType EOS_V_PtT   ---
EOS_V_PtT   Interpolation Results:
    i= 0    X =  1.000000000000001E-16, Y =  1.160450500000000E+02, F =  1.277403542180122E-01, errorCode:    0
    i= 1    X =  5.263157894736736E+04, Y =  1.160450500000000E+02, F =  1.301691964873253E-02, errorCode:    0
    i= 2    X =  1.052631578947347E+05, Y =  1.160450500000000E+02, F =  9.724725339937016E-03, errorCode:    0
    i= 3    X =  1.578947368421021E+05, Y =  1.160450500000000E+02, F =  8.168334056320505E-03, errorCode:    0
    i= 4    X =  1.000000000000001E-16, Y =  6.107635309900391E+08, F =  2.449575258784375E+22, errorCode:    0
    i= 5    X =  5.263157894736736E+04, Y =  6.107635309900391E+08, F =  4.654192991690410E+01, errorCode:    0
    i= 6    X =  1.052631578947347E+05, Y =  6.107635309900391E+08, F =  2.327096495845205E+01, errorCode:    0
    i= 7    X =  1.578947368421021E+05, Y =  6.107635309900391E+08, F =  1.551734237226579E+01, errorCode:    0
    i= 8    X =  1.000000000000001E-16, Y =  1.221526945935028E+09, F =  4.899150052149534E+22, errorCode:    0
    i= 9    X =  5.263157894736736E+04, Y =  1.221526945935028E+09, F =  9.308385099084308E+01, errorCode:    0
    i=10    X =  1.052631578947347E+05, Y =  1.221526945935028E+09, F =  4.654192549542154E+01, errorCode:    0
    i=11    X =  1.578947368421021E+05, Y =  1.221526945935028E+09, F =  3.102795033028102E+01, errorCode:    0
    i=12    X =  1.000000000000001E-16, Y =  1.832290360880018E+09, F =  7.348724845514695E+22, errorCode:    0
    i=13    X =  5.263157894736736E+04, Y =  1.832290360880018E+09, F =  1.396257720647821E+02, errorCode:    0
    i=14    X =  1.052631578947347E+05, Y =  1.832290360880018E+09, F =  6.981288603239109E+01, errorCode:    0
    i=15    X =  1.578947368421021E+05, Y =  1.832290360880018E+09, F =  4.654192402159404E+01, errorCode:    0
