
TH 0: EOS_Pt_DT for material 99999 from file ./../../../../../tests/data/sesame_small.ascii
X = [
        0.000000000000000e+00       -6.591329000000000e-06]

Y = [
       -1.318265800000000e-05        5.000000000000000e+00       -3.000000000000000e+00       -1.000000000000000e+01        2.000000000000000e+01
       -3.000000000000000e+01        4.000000000000000e+01]

F = [
        5.000000000000000e+01        1.010000000000000e+01        1.020000000000000e+01        1.030000000000000e+01        2.010000000000000e+01
        2.020000000000000e+01        2.030000000000000e+01        2.040000000000000e+01        2.050000000000000e+01        2.060000000000000e+01
        2.070000000000000e+01        2.080000000000000e+01        2.090000000000000e+01        2.100000000000000e+01]

-------------------------------------------------------------------------------------------------------------------------------------------------
TH 1: EOS_Ut_DT for material 99999 from file ./../../../../../tests/data/sesame_small.ascii
X = [
        0.000000000000000e+00       -6.591329000000000e-06]

Y = [
       -1.318265800000000e-05        5.000000000000000e+00       -3.000000000000000e+00       -1.000000000000000e+01        2.000000000000000e+01
       -3.000000000000000e+01        4.000000000000000e+01]

F = [
        2.110000000000000e+01        2.120000000000000e+01        2.130000000000000e+01        2.140000000000000e+01        2.150000000000000e+01
        3.010000000000000e+01        3.020000000000000e+01        3.030000000000000e+01        3.040000000000000e+01        3.050000000000000e+01
        3.060000000000000e+01        3.070000000000000e+01        3.080000000000000e+01        3.090000000000000e+01]

-------------------------------------------------------------------------------------------------------------------------------------------------
TH 2: EOS_At_DT for material 99999 from file ./../../../../../tests/data/sesame_small.ascii
X = [
        0.000000000000000e+00       -6.591329000000000e-06]

Y = [
       -1.318265800000000e-05        5.000000000000000e+00       -3.000000000000000e+00       -1.000000000000000e+01        2.000000000000000e+01
       -3.000000000000000e+01        4.000000000000000e+01]

F = [
        3.100000000000000e+01        3.110000000000000e+01        3.120000000000000e+01        3.130000000000000e+01        3.140000000000000e+01
        3.150000000000000e+01       -4.010000000000000e+01        4.020000000000000e+01       -4.030000000000000e+01        4.040000000000000e+01
       -4.050000000000000e+01        4.060000000000000e+01       -4.070000000000000e+01        4.080000000000000e+01]

=================================================================================================================================================

TH 0: EOS_Pt_DT for material 99999 from file ./../../../../../tests/data/sesame_medium.ascii
X = [
        1.100000000000000e-14       -6.591329000000011e-06]

Y = [
       -1.318265800000011e-05        5.000000000000011e+00       -3.000000000000011e+00       -1.000000000000011e+01        2.000000000000011e+01
       -3.000000000000011e+01        4.000000000000011e+01]

F = [
        5.000000000000011e+01        1.010000000000011e+01        1.020000000000011e+01        1.030000000000011e+01        2.010000000000011e+01
        2.020000000000011e+01        2.030000000000011e+01        2.040000000000011e+01        2.050000000000011e+01        2.060000000000011e+01
        2.070000000000011e+01        2.080000000000011e+01        2.090000000000011e+01        2.100000000000011e+01]

-------------------------------------------------------------------------------------------------------------------------------------------------
TH 1: EOS_Ut_DT for material 99999 from file ./../../../../../tests/data/sesame_medium.ascii
X = [
        1.100000000000000e-14       -6.591329000000011e-06]

Y = [
       -1.318265800000011e-05        5.000000000000011e+00       -3.000000000000011e+00       -1.000000000000011e+01        2.000000000000011e+01
       -3.000000000000011e+01        4.000000000000011e+01]

F = [
        2.110000000000011e+01        2.120000000000011e+01        2.130000000000011e+01        2.140000000000011e+01        2.150000000000011e+01
        3.010000000000011e+01        3.020000000000011e+01        3.030000000000011e+01        3.040000000000011e+01        3.050000000000011e+01
        3.060000000000011e+01        3.070000000000011e+01        3.080000000000011e+01        3.090000000000011e+01]

-------------------------------------------------------------------------------------------------------------------------------------------------
TH 2: EOS_At_DT for material 99999 from file ./../../../../../tests/data/sesame_medium.ascii
X = [
        1.100000000000000e-14       -6.591329000000011e-06]

Y = [
       -1.318265800000011e-05        5.000000000000011e+00       -3.000000000000011e+00       -1.000000000000011e+01        2.000000000000011e+01
       -3.000000000000011e+01        4.000000000000011e+01]

F = [
        3.100000000000011e+01        3.110000000000011e+01        3.120000000000011e+01        3.130000000000011e+01        3.140000000000011e+01
        3.150000000000011e+01       -4.010000000000011e+01        4.020000000000011e+01       -4.030000000000011e+01        4.040000000000011e+01
       -4.050000000000011e+01        4.060000000000011e+01       -4.070000000000011e+01        4.080000000000011e+01]

=================================================================================================================================================
eos_LoadTables ERROR 32011: EOS_NO_DATA_TABLE: Data table, EOS_At_DT, is not in EOS table area and it could not be manufactured for table handle 2
