
TH 0: EOS_Ut_DT for material 2 from file ././../../../../../tests/data/zr_bin.2.mod
	i=0	X =   6.000000000000000e+00, Y =   2.981500000000000e+02, F =   7.168606599681707e-02, dFx =  -2.236787815545392e-01, dFy =   2.657434419531313e-04
-------------------------------------------------------------------------------------------------------------------------------------------------------------------
TH 1: EOS_T_DUt for material 2 from file ././../../../../../tests/data/zr_bin.2.mod
	i=0	X =   6.000000000000000e+00, Y =   7.168606599681707e-02, F =   2.981499999999999e+02, dFx =   8.417095071493387e+02, dFy =   3.763027951509590e+03
