material ID: 3716
-------------------
eos_CreateTables ... EOS_OK
th 0: NR = 86 and NT = 23	NR changed from 0	NT changed from 0
eos_SetOption ... EOS_OK (EOS_DUMP_DATA)
th 0: NR = 86 and NT = 23
eos_SetOption ... EOS_OK (EOS_SPLIT_FORCED)
th 0: NR = 86 and NT = 23
eos_SetOption ... EOS_OK (EOS_SPLIT_COWAN)
th 0: NR = 86 and NT = 23
eos_LoadTables ERROR 12011: EOS_NO_DATA_TABLE: Data table, EOS_At_DT, is not in EOS table area and it could not be manufactured for table handle 0
Table handle 0: eos_LoadTables ERROR 12021: EOS_INVALID_TABLE_HANDLE: Invalid table handle because EOS_NO_DATA_TABLE: Data table, EOS_At_DT, is not in EOS table area and it could not be manufactured for table handle 0
12021: EOS_INVALID_TABLE_HANDLE: Invalid table handle because EOS_NO_DATA_TABLE: Data table, EOS_At_DT, is not in EOS table area and it could not be manufactured for table handle 0
12021: EOS_INVALID_TABLE_HANDLE: Invalid table handle because EOS_NO_DATA_TABLE: Data table, EOS_At_DT, is not in EOS table area and it could not be manufactured for table handle 0
th 0: NR = 0 and NT = 0	NR changed from 86	NT changed from 23
