Results for 3720
TH
--
 0. creating table EOS_At_DT (21)
 1. creating table EOS_At_DT (21)

TH
--
 0. loading table EOS_At_DT (21)
 1. loading table EOS_At_DT (21)

Interpolating EOS_At_DT data
	X = 1.000000000000000e+01, Y = 1.000000000000000e+02, F = 5.734270551856447e+01
	X = 2.000000000000000e+01, Y = 2.000000000000000e+02, F = 2.031101350855552e+02
	X = 3.000000000000000e+01, Y = 3.000000000000000e+02, F = 3.769939495843420e+02
	X = 4.000000000000000e+01, Y = 4.000000000000000e+02, F = 5.655049816521094e+02

Interpolating EOS_At_DT data
	X = 1.000000000000000e+01, Y = 1.000000000000000e+02, F = 5.734260006360319e+01
	X = 2.000000000000000e+01, Y = 2.000000000000000e+02, F = 2.031100445023689e+02
	X = 3.000000000000000e+01, Y = 3.000000000000000e+02, F = 3.769938933660925e+02
	X = 4.000000000000000e+01, Y = 4.000000000000000e+02, F = 5.655049443871777e+02

