0: successfuly created table type=147, matId=5410
1: successfuly created table type=147, matId=3333
2: successfuly created table type=147, matId=5251
3: successfuly created table type=147, matId=3717
0: successfuly loaded table type=147, matId=5410
1: successfuly loaded table type=147, matId=3333
2: successfuly loaded table type=147, matId=5251
3: successfuly loaded table type=147, matId=3717
