calling create table
done calling create table
test successful
