 eosfilename = './../../../../../tests/data/sesame.993716.bin
  TH =           0  errorcode =           0
  TH =           2  errorcode =           0
  TH =           3  errorcode =           0
  TH =           4  errorcode =           0
  TH =           5  errorcode =           0
  TH =           7  errorcode =           0
  TH =           8  errorcode =           0
  TH =           9  errorcode =        2006
  TH =          10  errorcode =           0
  TH =          11  errorcode =           0
  TH =          13  errorcode =           0
  TH =          15  errorcode =           0
  TH =          16  errorcode =           0
  TH =          18  errorcode =           0
  TH =          19  errorcode =           0
  TH =          20  errorcode =        2006
  TH =          21  errorcode =           0
  TH =          22  errorcode =           0
  TH =          24  errorcode =           0
  TH =          26  errorcode =           0
  TH =          28  errorcode =           0
  TH =          29  errorcode =           0
  TH =          31  errorcode =           0
  TH =          32  errorcode =           0
  TH =          33  errorcode =        2006
  TH =          34  errorcode =           0
  TH =          35  errorcode =           0
  TH =          37  errorcode =           0
  TH =          39  errorcode =           0
  TH =          41  errorcode =           0
  TH =          42  errorcode =           0
  TH =          44  errorcode =           0
  TH =          45  errorcode =           0
  TH =          46  errorcode =        2006
  TH =          47  errorcode =           0
