material ID: 3717
-------------------
eos_CreateTables ... EOS_OK
th 0: NR = 81 and NT = 50	NR changed from 0	NT changed from 0
eos_SetOption ... EOS_OK (EOS_DUMP_DATA)
th 0: NR = 81 and NT = 50
eos_SetOption ... EOS_OK (EOS_SPLIT_FORCED)
th 0: NR = 81 and NT = 50
eos_SetOption ... EOS_OK (EOS_SPLIT_NUM_PROP)
th 0: NR = 81 and NT = 50
eos_LoadTables ... EOS_OK
th 0: NR = 83 and NT = 50	NR changed from 81
