Results for 3720
TH
--
 0. creating table EOS_Pt_DT (3)
 1. creating table EOS_Ut_DT (12)
 2. creating table EOS_At_DT (21)
 3. creating table EOS_St_DT (30)
 4. creating table EOS_Pic_DT (39)
 5. creating table EOS_Uic_DT (48)
 6. creating table EOS_Aic_DT (57)
 7. creating table EOS_Sic_DT (66)
 8. creating table EOS_Pe_DT (75)
 9. creating table EOS_Ue_DT (84)
10. creating table EOS_Ae_DT (93)
11. creating table EOS_Se_DT (102)
12. creating table EOS_Piz_DT (111)
13. creating table EOS_Uiz_DT (120)
14. creating table EOS_Aiz_DT (129)
15. creating table EOS_Siz_DT (138)
16. creating table EOS_Pv_T (159)
17. creating table EOS_Dv_T (167)
18. creating table EOS_Dls_T (175)
19. creating table EOS_Uv_T (183)
20. creating table EOS_Uls_T (191)
21. creating table EOS_Av_T (199)
22. creating table EOS_Als_T (207)

TH
--
 0. loading table EOS_Pt_DT (3)
 1. loading table EOS_Ut_DT (12)
 2. loading table EOS_At_DT (21)
 3. loading table EOS_St_DT (30)
 4. loading table EOS_Pic_DT (39)
 5. loading table EOS_Uic_DT (48)
 6. loading table EOS_Aic_DT (57)
    eos_LoadTables ERROR 2042: EOS_CANT_MAKE_MONOTONIC: Can't make data monotonic in X
    eos_LoadTables ERROR 72021: EOS_INVALID_TABLE_HANDLE: Invalid table handle because EOS_CANT_MAKE_MONOTONIC: Can't make data monotonic in X
 7. loading table EOS_Sic_DT (66)
 8. loading table EOS_Pe_DT (75)
 9. loading table EOS_Ue_DT (84)
10. loading table EOS_Ae_DT (93)
11. loading table EOS_Se_DT (102)
12. loading table EOS_Piz_DT (111)
13. loading table EOS_Uiz_DT (120)
14. loading table EOS_Aiz_DT (129)
15. loading table EOS_Siz_DT (138)
16. loading table EOS_Pv_T (159)
17. loading table EOS_Dv_T (167)
18. loading table EOS_Dls_T (175)
19. loading table EOS_Uv_T (183)
20. loading table EOS_Uls_T (191)
21. loading table EOS_Av_T (199)
22. loading table EOS_Als_T (207)

Interpolating EOS_Pt_DT data
	X = 1.000000000000000e+01, Y = 1.000000000000000e+02, F = 1.215947087285593e+03
	X = 2.000000000000000e+01, Y = 2.000000000000000e+02, F = 6.532652103404943e+03
	X = 3.000000000000000e+01, Y = 3.000000000000000e+02, F = 1.642487259141131e+04
	X = 4.000000000000000e+01, Y = 4.000000000000000e+02, F = 3.097905918319004e+04

Interpolating EOS_Ut_DT data
	X = 1.000000000000000e+01, Y = 1.000000000000000e+02, F = 5.734334333915379e+01
	X = 2.000000000000000e+01, Y = 2.000000000000000e+02, F = 2.031115917123832e+02
	X = 3.000000000000000e+01, Y = 3.000000000000000e+02, F = 3.769974428722668e+02
	X = 4.000000000000000e+01, Y = 4.000000000000000e+02, F = 5.655116135564775e+02

Interpolating EOS_At_DT data
	X = 1.000000000000000e+01, Y = 1.000000000000000e+02, F = 5.734270551856447e+01
	X = 2.000000000000000e+01, Y = 2.000000000000000e+02, F = 2.031101350855552e+02
	X = 3.000000000000000e+01, Y = 3.000000000000000e+02, F = 3.769939495843420e+02
	X = 4.000000000000000e+01, Y = 4.000000000000000e+02, F = 5.655049816521094e+02

Interpolating EOS_St_DT data
	X = 1.000000000000000e+01, Y = 1.000000000000000e+02, F = 6.742447506526477e-06
	X = 2.000000000000000e+01, Y = 2.000000000000000e+02, F = 7.313270855058516e-06
	X = 3.000000000000000e+01, Y = 3.000000000000000e+02, F = 1.163804131852366e-05
	X = 4.000000000000000e+01, Y = 4.000000000000000e+02, F = 1.658843528840959e-05

Interpolating EOS_Pic_DT data
	X = 1.000000000000000e+01, Y = 1.000000000000000e+02, F = 1.215948458351588e+03
	X = 2.000000000000000e+01, Y = 2.000000000000000e+02, F = 6.532652260931536e+03
	X = 3.000000000000000e+01, Y = 3.000000000000000e+02, F = 1.642487255628562e+04
	X = 4.000000000000000e+01, Y = 4.000000000000000e+02, F = 3.097905856107895e+04

Interpolating EOS_Uic_DT data
	X = 1.000000000000000e+01, Y = 1.000000000000000e+02, F = 5.734344035013871e+01
	X = 2.000000000000000e+01, Y = 2.000000000000000e+02, F = 2.031113586739792e+02
	X = 3.000000000000000e+01, Y = 3.000000000000000e+02, F = 3.769970062652995e+02
	X = 4.000000000000000e+01, Y = 4.000000000000000e+02, F = 5.655109625999683e+02

Interpolating EOS_Aic_DT data
eos_Interpolate ERROR: EOS_INVALID_TABLE_HANDLE: Invalid table handle because EOS_CANT_MAKE_MONOTONIC: Can't make data monotonic in X

Interpolating EOS_Sic_DT data
	X = 1.000000000000000e+01, Y = 1.000000000000000e+02, F = 4.875839506183501e-06
	X = 2.000000000000000e+01, Y = 2.000000000000000e+02, F = 4.878860929671990e-06
	X = 3.000000000000000e+01, Y = 3.000000000000000e+02, F = 8.727317256182804e-06
	X = 4.000000000000000e+01, Y = 4.000000000000000e+02, F = 1.333359356093610e-05

Interpolating EOS_Pe_DT data
	X = 1.000000000000000e+01, Y = 1.000000000000000e+02, F = 6.239279044085038e-11
	X = 2.000000000000000e+01, Y = 2.000000000000000e+02, F = 1.689445553700127e-07
	X = 3.000000000000000e+01, Y = 3.000000000000000e+02, F = 3.514844782210967e-05
	X = 4.000000000000000e+01, Y = 4.000000000000000e+02, F = 6.226437843661338e-04

Interpolating EOS_Ue_DT data
	X = 1.000000000000000e+01, Y = 1.000000000000000e+02, F = 9.332696416612927e-05
	X = 2.000000000000000e+01, Y = 2.000000000000000e+02, F = 2.479344225143791e-04
	X = 3.000000000000000e+01, Y = 3.000000000000000e+02, F = 4.366085771192161e-04
	X = 4.000000000000000e+01, Y = 4.000000000000000e+02, F = 6.509677062383674e-04

Interpolating EOS_Ae_DT data
	X = 1.000000000000000e+01, Y = 1.000000000000000e+02, F = -9.332696416612927e-05
	X = 2.000000000000000e+01, Y = 2.000000000000000e+02, F = -2.479344225143791e-04
	X = 3.000000000000000e+01, Y = 3.000000000000000e+02, F = -4.366085771192161e-04
	X = 4.000000000000000e+01, Y = 4.000000000000000e+02, F = -6.509677062383674e-04

Interpolating EOS_Se_DT data
	X = 1.000000000000000e+01, Y = 1.000000000000000e+02, F = 1.866609950727424e-06
	X = 2.000000000000000e+01, Y = 2.000000000000000e+02, F = 2.479363506685694e-06
	X = 3.000000000000000e+01, Y = 3.000000000000000e+02, F = 2.910724955071273e-06
	X = 4.000000000000000e+01, Y = 4.000000000000000e+02, F = 3.254843295037360e-06

Interpolating EOS_Piz_DT data
	X = 1.000000000000000e+01, Y = 1.000000000000000e+02, F = 5.567657701675364e+00
	X = 2.000000000000000e+01, Y = 2.000000000000000e+02, F = 1.314204849771841e+01
	X = 3.000000000000000e+01, Y = 3.000000000000000e+02, F = 2.224071786344400e+01
	X = 4.000000000000000e+01, Y = 4.000000000000000e+02, F = 3.432091678612847e+01

Interpolating EOS_Uiz_DT data
	X = 1.000000000000000e+01, Y = 1.000000000000000e+02, F = 7.563583982700517e-01
	X = 2.000000000000000e+01, Y = 2.000000000000000e+02, F = 1.180778189825262e+00
	X = 3.000000000000000e+01, Y = 3.000000000000000e+02, F = 1.459184756027235e+00
	X = 4.000000000000000e+01, Y = 4.000000000000000e+02, F = 1.690413678160733e+00

Interpolating EOS_Aiz_DT data
	X = 1.000000000000000e+01, Y = 1.000000000000000e+02, F = 7.556511412446042e-01
	X = 2.000000000000000e+01, Y = 2.000000000000000e+02, F = 1.179797114181860e+00
	X = 3.000000000000000e+01, Y = 3.000000000000000e+02, F = 1.456564681804657e+00
	X = 4.000000000000000e+01, Y = 4.000000000000000e+02, F = 1.685083709975886e+00

Interpolating EOS_Siz_DT data
	X = 1.000000000000000e+01, Y = 1.000000000000000e+02, F = 4.875839506185574e-06
	X = 2.000000000000000e+01, Y = 2.000000000000000e+02, F = 4.878860929269376e-06
	X = 3.000000000000000e+01, Y = 3.000000000000000e+02, F = 8.727317256092052e-06
	X = 4.000000000000000e+01, Y = 4.000000000000000e+02, F = 1.333359356124846e-05

Interpolating EOS_Pv_T data
	X = 1.000000000000000e+01, Y = 1.000000000000000e+02, F = 5.433855744659080e-83
	X = 2.000000000000000e+01, Y = 2.000000000000000e+02, F = 1.086771148931816e-82
	X = 3.000000000000000e+01, Y = 3.000000000000000e+02, F = 1.630156723397724e-82
	X = 4.000000000000000e+01, Y = 4.000000000000000e+02, F = 2.173542297863632e-82

Interpolating EOS_Dv_T data
	X = 1.000000000000000e+01, Y = 1.000000000000000e+02, F = 1.186352282720183e-81
	X = 2.000000000000000e+01, Y = 2.000000000000000e+02, F = 2.372704565440366e-81
	X = 3.000000000000000e+01, Y = 3.000000000000000e+02, F = 3.559056848160548e-81
	X = 4.000000000000000e+01, Y = 4.000000000000000e+02, F = 4.745409130880732e-81

Interpolating EOS_Dls_T data
	X = 1.000000000000000e+01, Y = 1.000000000000000e+02, F = 2.732167690512528e+00
	X = 2.000000000000000e+01, Y = 2.000000000000000e+02, F = 2.731578289016078e+00
	X = 3.000000000000000e+01, Y = 3.000000000000000e+02, F = 2.730988887519628e+00
	X = 4.000000000000000e+01, Y = 4.000000000000000e+02, F = 2.730399486023178e+00

Interpolating EOS_Uv_T data
	X = 1.000000000000000e+01, Y = 1.000000000000000e+02, F = 1.122573479355863e+01
	X = 2.000000000000000e+01, Y = 2.000000000000000e+02, F = 1.127586958711727e+01
	X = 3.000000000000000e+01, Y = 3.000000000000000e+02, F = 1.132600438067591e+01
	X = 4.000000000000000e+01, Y = 4.000000000000000e+02, F = 1.137613917423454e+01

Interpolating EOS_Uls_T data
	X = 1.000000000000000e+01, Y = 1.000000000000000e+02, F = -1.662120487087017e-01
	X = 2.000000000000000e+01, Y = 2.000000000000000e+02, F = -1.631552568831838e-01
	X = 3.000000000000000e+01, Y = 3.000000000000000e+02, F = -1.600984650576660e-01
	X = 4.000000000000000e+01, Y = 4.000000000000000e+02, F = -1.570416732321482e-01

Interpolating EOS_Av_T data
	X = 1.000000000000000e+01, Y = 1.000000000000000e+02, F = -1.741047774994980e-01
	X = 2.000000000000000e+01, Y = 2.000000000000000e+02, F = -1.789407144647765e-01
	X = 3.000000000000000e+01, Y = 3.000000000000000e+02, F = -1.837766514300550e-01
	X = 4.000000000000000e+01, Y = 4.000000000000000e+02, F = -1.886125883953335e-01

Interpolating EOS_Als_T data
	X = 1.000000000000000e+01, Y = 1.000000000000000e+02, F = -1.709472663683426e-01
	X = 2.000000000000000e+01, Y = 2.000000000000000e+02, F = -1.726256922024658e-01
	X = 3.000000000000000e+01, Y = 3.000000000000000e+02, F = -1.743041180365889e-01
	X = 4.000000000000000e+01, Y = 4.000000000000000e+02, F = -1.759825438707120e-01

Results for 93720
TH
--
 0. creating table EOS_Pt_DT (3)
 1. creating table EOS_Ut_DT (12)
 2. creating table EOS_At_DT (21)
 3. creating table EOS_St_DT (30)
 4. creating table EOS_Pic_DT (39)
 5. creating table EOS_Uic_DT (48)
 6. creating table EOS_Aic_DT (57)
 7. creating table EOS_Sic_DT (66)
 8. creating table EOS_Pe_DT (75)
 9. creating table EOS_Ue_DT (84)
10. creating table EOS_Ae_DT (93)
11. creating table EOS_Se_DT (102)
12. creating table EOS_Piz_DT (111)
13. creating table EOS_Uiz_DT (120)
14. creating table EOS_Aiz_DT (129)
15. creating table EOS_Siz_DT (138)
16. creating table EOS_Pv_T (159)
17. creating table EOS_Dv_T (167)
18. creating table EOS_Dls_T (175)
19. creating table EOS_Uv_T (183)
20. creating table EOS_Uls_T (191)
21. creating table EOS_Av_T (199)
22. creating table EOS_Als_T (207)

TH
--
 0. loading table EOS_Pt_DT (3)
 1. loading table EOS_Ut_DT (12)
 2. loading table EOS_At_DT (21)
 3. loading table EOS_St_DT (30)
 4. loading table EOS_Pic_DT (39)
 5. loading table EOS_Uic_DT (48)
 6. loading table EOS_Aic_DT (57)
    eos_LoadTables ERROR 2042: EOS_CANT_MAKE_MONOTONIC: Can't make data monotonic in X
    eos_LoadTables ERROR 72021: EOS_INVALID_TABLE_HANDLE: Invalid table handle because EOS_CANT_MAKE_MONOTONIC: Can't make data monotonic in X
 7. loading table EOS_Sic_DT (66)
 8. loading table EOS_Pe_DT (75)
 9. loading table EOS_Ue_DT (84)
10. loading table EOS_Ae_DT (93)
11. loading table EOS_Se_DT (102)
12. loading table EOS_Piz_DT (111)
13. loading table EOS_Uiz_DT (120)
14. loading table EOS_Aiz_DT (129)
15. loading table EOS_Siz_DT (138)
16. loading table EOS_Pv_T (159)
17. loading table EOS_Dv_T (167)
18. loading table EOS_Dls_T (175)
19. loading table EOS_Uv_T (183)
20. loading table EOS_Uls_T (191)
21. loading table EOS_Av_T (199)
22. loading table EOS_Als_T (207)

Interpolating EOS_Pt_DT data
	X = 1.000000000000000e+01, Y = 1.000000000000000e+02, F = 1.215947087285593e+03
	X = 2.000000000000000e+01, Y = 2.000000000000000e+02, F = 6.532652103404943e+03
	X = 3.000000000000000e+01, Y = 3.000000000000000e+02, F = 1.642487259141131e+04
	X = 4.000000000000000e+01, Y = 4.000000000000000e+02, F = 3.097905918319004e+04

Interpolating EOS_Ut_DT data
	X = 1.000000000000000e+01, Y = 1.000000000000000e+02, F = 5.734334333915379e+01
	X = 2.000000000000000e+01, Y = 2.000000000000000e+02, F = 2.031115917123832e+02
	X = 3.000000000000000e+01, Y = 3.000000000000000e+02, F = 3.769974428722668e+02
	X = 4.000000000000000e+01, Y = 4.000000000000000e+02, F = 5.655116135564775e+02

Interpolating EOS_At_DT data
	X = 1.000000000000000e+01, Y = 1.000000000000000e+02, F = 5.734270551856447e+01
	X = 2.000000000000000e+01, Y = 2.000000000000000e+02, F = 2.031101350855552e+02
	X = 3.000000000000000e+01, Y = 3.000000000000000e+02, F = 3.769939495843420e+02
	X = 4.000000000000000e+01, Y = 4.000000000000000e+02, F = 5.655049816521094e+02

Interpolating EOS_St_DT data
	X = 1.000000000000000e+01, Y = 1.000000000000000e+02, F = 6.742447506526477e-06
	X = 2.000000000000000e+01, Y = 2.000000000000000e+02, F = 7.313270855058516e-06
	X = 3.000000000000000e+01, Y = 3.000000000000000e+02, F = 1.163804131852366e-05
	X = 4.000000000000000e+01, Y = 4.000000000000000e+02, F = 1.658843528840959e-05

Interpolating EOS_Pic_DT data
	X = 1.000000000000000e+01, Y = 1.000000000000000e+02, F = 1.215948458351588e+03
	X = 2.000000000000000e+01, Y = 2.000000000000000e+02, F = 6.532652260931536e+03
	X = 3.000000000000000e+01, Y = 3.000000000000000e+02, F = 1.642487255628562e+04
	X = 4.000000000000000e+01, Y = 4.000000000000000e+02, F = 3.097905856107895e+04

Interpolating EOS_Uic_DT data
	X = 1.000000000000000e+01, Y = 1.000000000000000e+02, F = 5.734344035013871e+01
	X = 2.000000000000000e+01, Y = 2.000000000000000e+02, F = 2.031113586739792e+02
	X = 3.000000000000000e+01, Y = 3.000000000000000e+02, F = 3.769970062652995e+02
	X = 4.000000000000000e+01, Y = 4.000000000000000e+02, F = 5.655109625999683e+02

Interpolating EOS_Aic_DT data
eos_Interpolate ERROR: EOS_INVALID_TABLE_HANDLE: Invalid table handle because EOS_CANT_MAKE_MONOTONIC: Can't make data monotonic in X

Interpolating EOS_Sic_DT data
	X = 1.000000000000000e+01, Y = 1.000000000000000e+02, F = 4.875839506183501e-06
	X = 2.000000000000000e+01, Y = 2.000000000000000e+02, F = 4.878860929671990e-06
	X = 3.000000000000000e+01, Y = 3.000000000000000e+02, F = 8.727317256182804e-06
	X = 4.000000000000000e+01, Y = 4.000000000000000e+02, F = 1.333359356093610e-05

Interpolating EOS_Pe_DT data
	X = 1.000000000000000e+01, Y = 1.000000000000000e+02, F = 6.239279044085038e-11
	X = 2.000000000000000e+01, Y = 2.000000000000000e+02, F = 1.689445553700126e-07
	X = 3.000000000000000e+01, Y = 3.000000000000000e+02, F = 3.514844782210967e-05
	X = 4.000000000000000e+01, Y = 4.000000000000000e+02, F = 6.226437843661337e-04

Interpolating EOS_Ue_DT data
	X = 1.000000000000000e+01, Y = 1.000000000000000e+02, F = 9.332696416612927e-05
	X = 2.000000000000000e+01, Y = 2.000000000000000e+02, F = 2.479344225143791e-04
	X = 3.000000000000000e+01, Y = 3.000000000000000e+02, F = 4.366085771192161e-04
	X = 4.000000000000000e+01, Y = 4.000000000000000e+02, F = 6.509677062383674e-04

Interpolating EOS_Ae_DT data
	X = 1.000000000000000e+01, Y = 1.000000000000000e+02, F = -9.332696416612927e-05
	X = 2.000000000000000e+01, Y = 2.000000000000000e+02, F = -2.479344225143791e-04
	X = 3.000000000000000e+01, Y = 3.000000000000000e+02, F = -4.366085771192161e-04
	X = 4.000000000000000e+01, Y = 4.000000000000000e+02, F = -6.509677062383674e-04

Interpolating EOS_Se_DT data
	X = 1.000000000000000e+01, Y = 1.000000000000000e+02, F = 1.866609950727424e-06
	X = 2.000000000000000e+01, Y = 2.000000000000000e+02, F = 2.479363506685694e-06
	X = 3.000000000000000e+01, Y = 3.000000000000000e+02, F = 2.910724955071273e-06
	X = 4.000000000000000e+01, Y = 4.000000000000000e+02, F = 3.254843295037360e-06

Interpolating EOS_Piz_DT data
	X = 1.000000000000000e+01, Y = 1.000000000000000e+02, F = 5.567657701675364e+00
	X = 2.000000000000000e+01, Y = 2.000000000000000e+02, F = 1.314204849771841e+01
	X = 3.000000000000000e+01, Y = 3.000000000000000e+02, F = 2.224071786344400e+01
	X = 4.000000000000000e+01, Y = 4.000000000000000e+02, F = 3.432091678612847e+01

Interpolating EOS_Uiz_DT data
	X = 1.000000000000000e+01, Y = 1.000000000000000e+02, F = 7.563583982700518e-01
	X = 2.000000000000000e+01, Y = 2.000000000000000e+02, F = 1.180778189825262e+00
	X = 3.000000000000000e+01, Y = 3.000000000000000e+02, F = 1.459184756027235e+00
	X = 4.000000000000000e+01, Y = 4.000000000000000e+02, F = 1.690413678160733e+00

Interpolating EOS_Aiz_DT data
	X = 1.000000000000000e+01, Y = 1.000000000000000e+02, F = 7.556511412446042e-01
	X = 2.000000000000000e+01, Y = 2.000000000000000e+02, F = 1.179797114181860e+00
	X = 3.000000000000000e+01, Y = 3.000000000000000e+02, F = 1.456564681804657e+00
	X = 4.000000000000000e+01, Y = 4.000000000000000e+02, F = 1.685083709975886e+00

Interpolating EOS_Siz_DT data
	X = 1.000000000000000e+01, Y = 1.000000000000000e+02, F = 4.875839506186068e-06
	X = 2.000000000000000e+01, Y = 2.000000000000000e+02, F = 4.878860929269376e-06
	X = 3.000000000000000e+01, Y = 3.000000000000000e+02, F = 8.727317256092052e-06
	X = 4.000000000000000e+01, Y = 4.000000000000000e+02, F = 1.333359356124846e-05

Interpolating EOS_Pv_T data
	X = 1.000000000000000e+01, Y = 1.000000000000000e+02, F = 5.433855744659083e-83
	X = 2.000000000000000e+01, Y = 2.000000000000000e+02, F = 1.086771148931817e-82
	X = 3.000000000000000e+01, Y = 3.000000000000000e+02, F = 1.630156723397725e-82
	X = 4.000000000000000e+01, Y = 4.000000000000000e+02, F = 2.173542297863633e-82

Interpolating EOS_Dv_T data
	X = 1.000000000000000e+01, Y = 1.000000000000000e+02, F = 1.186352282720183e-81
	X = 2.000000000000000e+01, Y = 2.000000000000000e+02, F = 2.372704565440366e-81
	X = 3.000000000000000e+01, Y = 3.000000000000000e+02, F = 3.559056848160548e-81
	X = 4.000000000000000e+01, Y = 4.000000000000000e+02, F = 4.745409130880732e-81

Interpolating EOS_Dls_T data
	X = 1.000000000000000e+01, Y = 1.000000000000000e+02, F = 2.732167690512528e+00
	X = 2.000000000000000e+01, Y = 2.000000000000000e+02, F = 2.731578289016078e+00
	X = 3.000000000000000e+01, Y = 3.000000000000000e+02, F = 2.730988887519628e+00
	X = 4.000000000000000e+01, Y = 4.000000000000000e+02, F = 2.730399486023178e+00

Interpolating EOS_Uv_T data
	X = 1.000000000000000e+01, Y = 1.000000000000000e+02, F = 1.122573479355863e+01
	X = 2.000000000000000e+01, Y = 2.000000000000000e+02, F = 1.127586958711727e+01
	X = 3.000000000000000e+01, Y = 3.000000000000000e+02, F = 1.132600438067591e+01
	X = 4.000000000000000e+01, Y = 4.000000000000000e+02, F = 1.137613917423454e+01

Interpolating EOS_Uls_T data
	X = 1.000000000000000e+01, Y = 1.000000000000000e+02, F = -1.662120487087017e-01
	X = 2.000000000000000e+01, Y = 2.000000000000000e+02, F = -1.631552568831838e-01
	X = 3.000000000000000e+01, Y = 3.000000000000000e+02, F = -1.600984650576660e-01
	X = 4.000000000000000e+01, Y = 4.000000000000000e+02, F = -1.570416732321482e-01

Interpolating EOS_Av_T data
	X = 1.000000000000000e+01, Y = 1.000000000000000e+02, F = -1.741047774994980e-01
	X = 2.000000000000000e+01, Y = 2.000000000000000e+02, F = -1.789407144647765e-01
	X = 3.000000000000000e+01, Y = 3.000000000000000e+02, F = -1.837766514300550e-01
	X = 4.000000000000000e+01, Y = 4.000000000000000e+02, F = -1.886125883953335e-01

Interpolating EOS_Als_T data
	X = 1.000000000000000e+01, Y = 1.000000000000000e+02, F = -1.709472663683426e-01
	X = 2.000000000000000e+01, Y = 2.000000000000000e+02, F = -1.726256922024658e-01
	X = 3.000000000000000e+01, Y = 3.000000000000000e+02, F = -1.743041180365889e-01
	X = 4.000000000000000e+01, Y = 4.000000000000000e+02, F = -1.759825438707120e-01

