versionInfoLength = '68'
versionInfo = 'No version information has been defined for this build of EOSPAC 6.'
versionInfo test passed 0
