material ID: 3717
-------------------
eos_CreateTables ... EOS_OK
th 0: NR = 67 and NT = 37	NR changed from 0	NT changed from 0
eos_SetOption ... EOS_OK (EOS_DUMP_DATA)
th 0: NR = 67 and NT = 37
eos_LoadTables ... EOS_OK
th 0: NR = 67 and NT = 37
