eos_LoadTables ERROR 12009: EOS_MATERIAL_NOT_FOUND: Material ID specified for table handle 0 is not in library
eos_LoadTables ERROR 22009: EOS_MATERIAL_NOT_FOUND: Material ID specified for table handle 1 is not in library

TH 0: EOS_Pt_DT for material 93720 from file ./../../../../../tests/data/93270littlebin
	i=1	X =   2.500000000000000e+03, Y =   6.500000000000000e+02, F =   9.626083763530962e+07, dFx =   6.900962612103367e+04, dFy =   9.952893373557444e-04
	i=2	X =   4.000000000000000e+03, Y =   8.000000000000000e+02, F =   2.231412215999981e+08, dFx =   9.931220088998684e+04, dFy =   1.767801383670466e-03
	i=3	X =   5.500000000000000e+03, Y =   9.500000000000000e+02, F =   3.897913618109823e+08, dFx =   1.223405473860160e+05, dFy =   2.603052595864046e-03
-------------------------------------------------------------------------------------------------------------------------------------------------------------------
TH 1: EOS_Pt_DT for material 93720 from file ./../../../../../tests/data/testbin
	i=1	X =   2.500000000000000e+03, Y =   6.500000000000000e+02, F =   6.840098974920757e+07, dFx =   5.132101281986491e+04, dFy =   3.542917316087179e-04
	i=2	X =   4.000000000000000e+03, Y =   8.000000000000000e+02, F =   1.640596519153752e+08, dFx =   7.575970429352550e+04, dFy =   0.000000000000000e+00
	i=3	X =   5.500000000000000e+03, Y =   9.500000000000000e+02, F =   2.945249442708094e+08, dFx =   9.789773789950414e+04, dFy =   0.000000000000000e+00

The following error message is expected:
eos_SetDataFileName ERROR 22047: EOS_WARNING: Could not reset data file name, because data is already loaded for the specified handle, 1
