DIVBYZERO EXCEPTIONS ARE ENABLED
1
2
3
4
5
*******************************************************
*******************************************************
*******************************************************
*******************************************************
*******************************************************
*******************************************************

---Interpolate using tableType EOS_V_PtT ---i=0, X=1e-16, Y= 116.045, F=0.12774, errorCode = 0
i=1, X=52631.6, Y= 116.045, F=0.0130169, errorCode = 0
i=2, X=105263, Y= 116.045, F=0.00972473, errorCode = 0
i=3, X=157895, Y= 116.045, F=0.00816833, errorCode = 0
i=4, X=1e-16, Y= 6.10764e+08, F=2.44958e+22, errorCode = 0
i=5, X=52631.6, Y= 6.10764e+08, F=46.5419, errorCode = 0
i=6, X=105263, Y= 6.10764e+08, F=23.271, errorCode = 0
i=7, X=157895, Y= 6.10764e+08, F=15.5173, errorCode = 0
i=8, X=1e-16, Y= 1.22153e+09, F=4.89915e+22, errorCode = 0
i=9, X=52631.6, Y= 1.22153e+09, F=93.0839, errorCode = 0
i=10, X=105263, Y= 1.22153e+09, F=46.5419, errorCode = 0
i=11, X=157895, Y= 1.22153e+09, F=31.028, errorCode = 0
i=12, X=1e-16, Y= 1.83229e+09, F=7.34872e+22, errorCode = 0
i=13, X=52631.6, Y= 1.83229e+09, F=139.626, errorCode = 0
i=14, X=105263, Y= 1.83229e+09, F=69.8129, errorCode = 0
i=15, X=157895, Y= 1.83229e+09, F=46.5419, errorCode = 0
