 First interpolation results for material         7760
 err1=       12008
 i= 1 x=   5.662001687640600 y=   0.420840551676977 result= 130.086581497550412
 i= 2 x=   5.662001687640600 y=   0.420840551676977 result= 130.086581497550412
 i= 3 x=   5.662001687640600 y=   0.420840551676977 result= 130.086581497550412
 i= 4 x=   5.662001687640600 y=   0.420840551676977 result= 130.086581497550412
  
 Second interpolation results for material         7760
 err2=       12008
 i= 1 x=   5.662001687640600 y=   0.420840551676977   sval= 130.086581497550412
 i= 2 x=   5.662001687640600 y=   0.420840551676977   sval= 130.086581497550412
 i= 3 x=   4.077778047400582 y=   0.000000067268882   sval=   1.146941231372403
 i= 4 x=   5.662001687640600 y=   0.420840551676977   sval= 130.086581497550412
