Table handles are 0 1 2
EOS_OK
no tables correct
table type correct
matID correct
