**** BEFORE 2-D EXPANSION ****
columnar format --------------
x[0] =   8.000000000000000e+00   y[0] =   0.000000000000000e+00   f[0][0] =  -4.000000000000000e+00   CC[0] =  -4.000000000000000e+00
x[1] =   1.800000000000000e+01   y[0] =   0.000000000000000e+00   f[0][1] =  -4.000000000000000e+00   CC[1] =  -4.000000000000000e+00
x[2] =   3.200000000000000e+01   y[0] =   0.000000000000000e+00   f[0][2] =  -4.000000000000000e+00   CC[2] =  -4.000000000000000e+00
x[3] =   5.000000000000000e+01   y[0] =   0.000000000000000e+00   f[0][3] =  -4.000000000000000e+00   CC[3] =  -4.000000000000000e+00
x[4] =   7.200000000000000e+01   y[0] =   0.000000000000000e+00   f[0][4] =  -4.000000000000000e+00   CC[4] =  -4.000000000000000e+00
x[5] =   9.800000000000000e+01   y[0] =   0.000000000000000e+00   f[0][5] =  -4.000000000000000e+00   CC[5] =  -4.000000000000000e+00
x[0] =   8.000000000000000e+00   y[1] =   2.000000000000000e+00   f[1][0] =   6.000000000000000e+01   CC[0] =  -4.000000000000000e+00
x[1] =   1.800000000000000e+01   y[1] =   2.000000000000000e+00   f[1][1] =   1.400000000000000e+02   CC[1] =  -4.000000000000000e+00
x[2] =   3.200000000000000e+01   y[1] =   2.000000000000000e+00   f[1][2] =   2.520000000000000e+02   CC[2] =  -4.000000000000000e+00
x[3] =   5.000000000000000e+01   y[1] =   2.000000000000000e+00   f[1][3] =   3.960000000000000e+02   CC[3] =  -4.000000000000000e+00
x[4] =   7.200000000000000e+01   y[1] =   2.000000000000000e+00   f[1][4] =   5.720000000000000e+02   CC[4] =  -4.000000000000000e+00
x[5] =   9.800000000000000e+01   y[1] =   2.000000000000000e+00   f[1][5] =   7.800000000000000e+02   CC[5] =  -4.000000000000000e+00
x[0] =   8.000000000000000e+00   y[2] =   4.000000000000000e+00   f[2][0] =   1.240000000000000e+02   CC[0] =  -4.000000000000000e+00
x[1] =   1.800000000000000e+01   y[2] =   4.000000000000000e+00   f[2][1] =   2.840000000000000e+02   CC[1] =  -4.000000000000000e+00
x[2] =   3.200000000000000e+01   y[2] =   4.000000000000000e+00   f[2][2] =   5.080000000000000e+02   CC[2] =  -4.000000000000000e+00
x[3] =   5.000000000000000e+01   y[2] =   4.000000000000000e+00   f[2][3] =   7.960000000000000e+02   CC[3] =  -4.000000000000000e+00
x[4] =   7.200000000000000e+01   y[2] =   4.000000000000000e+00   f[2][4] =   1.148000000000000e+03   CC[4] =  -4.000000000000000e+00
x[5] =   9.800000000000000e+01   y[2] =   4.000000000000000e+00   f[2][5] =   1.564000000000000e+03   CC[5] =  -4.000000000000000e+00
x[0] =   8.000000000000000e+00   y[3] =   6.000000000000000e+00   f[3][0] =   1.880000000000000e+02   CC[0] =  -4.000000000000000e+00
x[1] =   1.800000000000000e+01   y[3] =   6.000000000000000e+00   f[3][1] =   4.280000000000000e+02   CC[1] =  -4.000000000000000e+00
x[2] =   3.200000000000000e+01   y[3] =   6.000000000000000e+00   f[3][2] =   7.640000000000000e+02   CC[2] =  -4.000000000000000e+00
x[3] =   5.000000000000000e+01   y[3] =   6.000000000000000e+00   f[3][3] =   1.196000000000000e+03   CC[3] =  -4.000000000000000e+00
x[4] =   7.200000000000000e+01   y[3] =   6.000000000000000e+00   f[3][4] =   1.724000000000000e+03   CC[4] =  -4.000000000000000e+00
x[5] =   9.800000000000000e+01   y[3] =   6.000000000000000e+00   f[3][5] =   2.348000000000000e+03   CC[5] =  -4.000000000000000e+00
x[0] =   8.000000000000000e+00   y[4] =   8.000000000000000e+00   f[4][0] =   2.520000000000000e+02   CC[0] =  -4.000000000000000e+00
x[1] =   1.800000000000000e+01   y[4] =   8.000000000000000e+00   f[4][1] =   5.720000000000000e+02   CC[1] =  -4.000000000000000e+00
x[2] =   3.200000000000000e+01   y[4] =   8.000000000000000e+00   f[4][2] =   1.020000000000000e+03   CC[2] =  -4.000000000000000e+00
x[3] =   5.000000000000000e+01   y[4] =   8.000000000000000e+00   f[4][3] =   1.596000000000000e+03   CC[3] =  -4.000000000000000e+00
x[4] =   7.200000000000000e+01   y[4] =   8.000000000000000e+00   f[4][4] =   2.300000000000000e+03   CC[4] =  -4.000000000000000e+00
x[5] =   9.800000000000000e+01   y[4] =   8.000000000000000e+00   f[4][5] =   3.132000000000000e+03   CC[5] =  -4.000000000000000e+00

tabular format --------------
                          0.000000000000000e+00   2.000000000000000e+00   4.000000000000000e+00   6.000000000000000e+00   8.000000000000000e+00 
  8.000000000000000e+00  -4.000000000000000e+00   6.000000000000000e+01   1.240000000000000e+02   1.880000000000000e+02   2.520000000000000e+02 
  1.800000000000000e+01  -4.000000000000000e+00   1.400000000000000e+02   2.840000000000000e+02   4.280000000000000e+02   5.720000000000000e+02 
  3.200000000000000e+01  -4.000000000000000e+00   2.520000000000000e+02   5.080000000000000e+02   7.640000000000000e+02   1.020000000000000e+03 
  5.000000000000000e+01  -4.000000000000000e+00   3.960000000000000e+02   7.960000000000000e+02   1.196000000000000e+03   1.596000000000000e+03 
  7.200000000000000e+01  -4.000000000000000e+00   5.720000000000000e+02   1.148000000000000e+03   1.724000000000000e+03   2.300000000000000e+03 
  9.800000000000000e+01  -4.000000000000000e+00   7.800000000000000e+02   1.564000000000000e+03   2.348000000000000e+03   3.132000000000000e+03 

**** AFTER 2-D EXPANSION ****
columnar format --------------
x[0] =  -2.000000000000000e+00   y[0] =  -2.000000000000000e+00   f[0][0] =   0.000000000000000e+00   CC[0] =   0.000000000000000e+00
x[1] =   8.000000000000000e+00   y[0] =  -2.000000000000000e+00   f[0][1] =  -6.800000000000000e+01   CC[1] =  -4.000000000000000e+00
x[2] =   1.800000000000000e+01   y[0] =  -2.000000000000000e+00   f[0][2] =  -1.480000000000000e+02   CC[2] =  -4.000000000000000e+00
x[3] =   3.200000000000000e+01   y[0] =  -2.000000000000000e+00   f[0][3] =  -2.600000000000000e+02   CC[3] =  -4.000000000000000e+00
x[4] =   5.000000000000000e+01   y[0] =  -2.000000000000000e+00   f[0][4] =  -4.040000000000000e+02   CC[4] =  -4.000000000000000e+00
x[5] =   7.200000000000000e+01   y[0] =  -2.000000000000000e+00   f[0][5] =  -5.800000000000000e+02   CC[5] =  -4.000000000000000e+00
x[6] =   9.800000000000000e+01   y[0] =  -2.000000000000000e+00   f[0][6] =  -7.880000000000000e+02   CC[6] =  -4.000000000000000e+00
x[7] =   1.240000000000000e+02   y[0] =  -2.000000000000000e+00   f[0][7] =   0.000000000000000e+00   CC[7] =  -4.000000000000000e+00
x[0] =  -2.000000000000000e+00   y[1] =   0.000000000000000e+00   f[1][0] =  -4.000000000000000e+00   CC[0] =   0.000000000000000e+00
x[1] =   8.000000000000000e+00   y[1] =   0.000000000000000e+00   f[1][1] =  -4.000000000000000e+00   CC[1] =  -4.000000000000000e+00
x[2] =   1.800000000000000e+01   y[1] =   0.000000000000000e+00   f[1][2] =  -4.000000000000000e+00   CC[2] =  -4.000000000000000e+00
x[3] =   3.200000000000000e+01   y[1] =   0.000000000000000e+00   f[1][3] =  -4.000000000000000e+00   CC[3] =  -4.000000000000000e+00
x[4] =   5.000000000000000e+01   y[1] =   0.000000000000000e+00   f[1][4] =  -4.000000000000000e+00   CC[4] =  -4.000000000000000e+00
x[5] =   7.200000000000000e+01   y[1] =   0.000000000000000e+00   f[1][5] =  -4.000000000000000e+00   CC[5] =  -4.000000000000000e+00
x[6] =   9.800000000000000e+01   y[1] =   0.000000000000000e+00   f[1][6] =  -4.000000000000000e+00   CC[6] =  -4.000000000000000e+00
x[7] =   1.240000000000000e+02   y[1] =   0.000000000000000e+00   f[1][7] =  -4.000000000000000e+00   CC[7] =  -4.000000000000000e+00
x[0] =  -2.000000000000000e+00   y[2] =   2.000000000000000e+00   f[2][0] =  -2.000000000000000e+01   CC[0] =   0.000000000000000e+00
x[1] =   8.000000000000000e+00   y[2] =   2.000000000000000e+00   f[2][1] =   6.000000000000000e+01   CC[1] =  -4.000000000000000e+00
x[2] =   1.800000000000000e+01   y[2] =   2.000000000000000e+00   f[2][2] =   1.400000000000000e+02   CC[2] =  -4.000000000000000e+00
x[3] =   3.200000000000000e+01   y[2] =   2.000000000000000e+00   f[2][3] =   2.520000000000000e+02   CC[3] =  -4.000000000000000e+00
x[4] =   5.000000000000000e+01   y[2] =   2.000000000000000e+00   f[2][4] =   3.960000000000000e+02   CC[4] =  -4.000000000000000e+00
x[5] =   7.200000000000000e+01   y[2] =   2.000000000000000e+00   f[2][5] =   5.720000000000000e+02   CC[5] =  -4.000000000000000e+00
x[6] =   9.800000000000000e+01   y[2] =   2.000000000000000e+00   f[2][6] =   7.800000000000000e+02   CC[6] =  -4.000000000000000e+00
x[7] =   1.240000000000000e+02   y[2] =   2.000000000000000e+00   f[2][7] =   9.880000000000000e+02   CC[7] =  -4.000000000000000e+00
x[0] =  -2.000000000000000e+00   y[3] =   4.000000000000000e+00   f[3][0] =  -3.600000000000000e+01   CC[0] =   0.000000000000000e+00
x[1] =   8.000000000000000e+00   y[3] =   4.000000000000000e+00   f[3][1] =   1.240000000000000e+02   CC[1] =  -4.000000000000000e+00
x[2] =   1.800000000000000e+01   y[3] =   4.000000000000000e+00   f[3][2] =   2.840000000000000e+02   CC[2] =  -4.000000000000000e+00
x[3] =   3.200000000000000e+01   y[3] =   4.000000000000000e+00   f[3][3] =   5.080000000000000e+02   CC[3] =  -4.000000000000000e+00
x[4] =   5.000000000000000e+01   y[3] =   4.000000000000000e+00   f[3][4] =   7.960000000000000e+02   CC[4] =  -4.000000000000000e+00
x[5] =   7.200000000000000e+01   y[3] =   4.000000000000000e+00   f[3][5] =   1.148000000000000e+03   CC[5] =  -4.000000000000000e+00
x[6] =   9.800000000000000e+01   y[3] =   4.000000000000000e+00   f[3][6] =   1.564000000000000e+03   CC[6] =  -4.000000000000000e+00
x[7] =   1.240000000000000e+02   y[3] =   4.000000000000000e+00   f[3][7] =   1.980000000000000e+03   CC[7] =  -4.000000000000000e+00
x[0] =  -2.000000000000000e+00   y[4] =   6.000000000000000e+00   f[4][0] =  -5.200000000000000e+01   CC[0] =   0.000000000000000e+00
x[1] =   8.000000000000000e+00   y[4] =   6.000000000000000e+00   f[4][1] =   1.880000000000000e+02   CC[1] =  -4.000000000000000e+00
x[2] =   1.800000000000000e+01   y[4] =   6.000000000000000e+00   f[4][2] =   4.280000000000000e+02   CC[2] =  -4.000000000000000e+00
x[3] =   3.200000000000000e+01   y[4] =   6.000000000000000e+00   f[4][3] =   7.640000000000000e+02   CC[3] =  -4.000000000000000e+00
x[4] =   5.000000000000000e+01   y[4] =   6.000000000000000e+00   f[4][4] =   1.196000000000000e+03   CC[4] =  -4.000000000000000e+00
x[5] =   7.200000000000000e+01   y[4] =   6.000000000000000e+00   f[4][5] =   1.724000000000000e+03   CC[5] =  -4.000000000000000e+00
x[6] =   9.800000000000000e+01   y[4] =   6.000000000000000e+00   f[4][6] =   2.348000000000000e+03   CC[6] =  -4.000000000000000e+00
x[7] =   1.240000000000000e+02   y[4] =   6.000000000000000e+00   f[4][7] =   2.972000000000000e+03   CC[7] =  -4.000000000000000e+00
x[0] =  -2.000000000000000e+00   y[5] =   8.000000000000000e+00   f[5][0] =  -6.800000000000000e+01   CC[0] =   0.000000000000000e+00
x[1] =   8.000000000000000e+00   y[5] =   8.000000000000000e+00   f[5][1] =   2.520000000000000e+02   CC[1] =  -4.000000000000000e+00
x[2] =   1.800000000000000e+01   y[5] =   8.000000000000000e+00   f[5][2] =   5.720000000000000e+02   CC[2] =  -4.000000000000000e+00
x[3] =   3.200000000000000e+01   y[5] =   8.000000000000000e+00   f[5][3] =   1.020000000000000e+03   CC[3] =  -4.000000000000000e+00
x[4] =   5.000000000000000e+01   y[5] =   8.000000000000000e+00   f[5][4] =   1.596000000000000e+03   CC[4] =  -4.000000000000000e+00
x[5] =   7.200000000000000e+01   y[5] =   8.000000000000000e+00   f[5][5] =   2.300000000000000e+03   CC[5] =  -4.000000000000000e+00
x[6] =   9.800000000000000e+01   y[5] =   8.000000000000000e+00   f[5][6] =   3.132000000000000e+03   CC[6] =  -4.000000000000000e+00
x[7] =   1.240000000000000e+02   y[5] =   8.000000000000000e+00   f[5][7] =   3.964000000000000e+03   CC[7] =  -4.000000000000000e+00
x[0] =  -2.000000000000000e+00   y[6] =   1.000000000000000e+01   f[6][0] =   0.000000000000000e+00   CC[0] =   0.000000000000000e+00
x[1] =   8.000000000000000e+00   y[6] =   1.000000000000000e+01   f[6][1] =   3.160000000000000e+02   CC[1] =  -4.000000000000000e+00
x[2] =   1.800000000000000e+01   y[6] =   1.000000000000000e+01   f[6][2] =   7.160000000000000e+02   CC[2] =  -4.000000000000000e+00
x[3] =   3.200000000000000e+01   y[6] =   1.000000000000000e+01   f[6][3] =   1.276000000000000e+03   CC[3] =  -4.000000000000000e+00
x[4] =   5.000000000000000e+01   y[6] =   1.000000000000000e+01   f[6][4] =   1.996000000000000e+03   CC[4] =  -4.000000000000000e+00
x[5] =   7.200000000000000e+01   y[6] =   1.000000000000000e+01   f[6][5] =   2.876000000000000e+03   CC[5] =  -4.000000000000000e+00
x[6] =   9.800000000000000e+01   y[6] =   1.000000000000000e+01   f[6][6] =   3.916000000000000e+03   CC[6] =  -4.000000000000000e+00
x[7] =   1.240000000000000e+02   y[6] =   1.000000000000000e+01   f[6][7] =   0.000000000000000e+00   CC[7] =  -4.000000000000000e+00

tabular format --------------
                         -2.000000000000000e+00   0.000000000000000e+00   2.000000000000000e+00   4.000000000000000e+00   6.000000000000000e+00   8.000000000000000e+00   1.000000000000000e+01 
 -2.000000000000000e+00   0.000000000000000e+00  -4.000000000000000e+00  -2.000000000000000e+01  -3.600000000000000e+01  -5.200000000000000e+01  -6.800000000000000e+01   0.000000000000000e+00 
  8.000000000000000e+00  -6.800000000000000e+01  -4.000000000000000e+00   6.000000000000000e+01   1.240000000000000e+02   1.880000000000000e+02   2.520000000000000e+02   3.160000000000000e+02 
  1.800000000000000e+01  -1.480000000000000e+02  -4.000000000000000e+00   1.400000000000000e+02   2.840000000000000e+02   4.280000000000000e+02   5.720000000000000e+02   7.160000000000000e+02 
  3.200000000000000e+01  -2.600000000000000e+02  -4.000000000000000e+00   2.520000000000000e+02   5.080000000000000e+02   7.640000000000000e+02   1.020000000000000e+03   1.276000000000000e+03 
  5.000000000000000e+01  -4.040000000000000e+02  -4.000000000000000e+00   3.960000000000000e+02   7.960000000000000e+02   1.196000000000000e+03   1.596000000000000e+03   1.996000000000000e+03 
  7.200000000000000e+01  -5.800000000000000e+02  -4.000000000000000e+00   5.720000000000000e+02   1.148000000000000e+03   1.724000000000000e+03   2.300000000000000e+03   2.876000000000000e+03 
  9.800000000000000e+01  -7.880000000000000e+02  -4.000000000000000e+00   7.800000000000000e+02   1.564000000000000e+03   2.348000000000000e+03   3.132000000000000e+03   3.916000000000000e+03 
  1.240000000000000e+02   0.000000000000000e+00  -4.000000000000000e+00   9.880000000000000e+02   1.980000000000000e+03   2.972000000000000e+03   3.964000000000000e+03   0.000000000000000e+00 

**** BEFORE 1-D EXPANSION ****
columnar format --------------
x[0] =   8.000000000000000e+00   y[0] =   0.000000000000000e+00   f[0][0] =   2.044000000000000e+03
x[1] =   1.800000000000000e+01   y[0] =   0.000000000000000e+00   f[0][1] =   2.332400000000000e+04
x[2] =   3.200000000000000e+01   y[0] =   0.000000000000000e+00   f[0][2] =   1.310680000000000e+05
x[3] =   5.000000000000000e+01   y[0] =   0.000000000000000e+00   f[0][3] =   4.999960000000000e+05
x[4] =   7.200000000000000e+01   y[0] =   0.000000000000000e+00   f[0][4] =   1.492988000000000e+06
x[5] =   9.800000000000000e+01   y[0] =   0.000000000000000e+00   f[0][5] =   3.764764000000000e+06

**** AFTER 1-D EXPANSION ****
columnar format --------------
x[0] =  -2.000000000000000e+00   y[0] =   0.000000000000000e+00   f[0][0] =  -1.923600000000000e+04
x[1] =   8.000000000000000e+00   y[0] =   0.000000000000000e+00   f[0][1] =   2.044000000000000e+03
x[2] =   1.800000000000000e+01   y[0] =   0.000000000000000e+00   f[0][2] =   2.332400000000000e+04
x[3] =   3.200000000000000e+01   y[0] =   0.000000000000000e+00   f[0][3] =   1.310680000000000e+05
x[4] =   5.000000000000000e+01   y[0] =   0.000000000000000e+00   f[0][4] =   4.999960000000000e+05
x[5] =   7.200000000000000e+01   y[0] =   0.000000000000000e+00   f[0][5] =   1.492988000000000e+06
x[6] =   9.800000000000000e+01   y[0] =   0.000000000000000e+00   f[0][6] =   3.764764000000000e+06
x[7] =   1.240000000000000e+02   y[0] =   0.000000000000000e+00   f[0][7] =   6.036540000000000e+06

**** BEFORE 1-D EXPANSION WITH YTBLS=NULL ****
columnar format --------------
x[0] =   2.000000000000000e+01   f[0][0] =   1.599600000000000e+04
x[1] =   4.500000000000000e+01   f[0][1] =   1.822460000000000e+05
x[2] =   8.000000000000000e+01   f[0][2] =   1.023996000000000e+06
x[3] =   1.250000000000000e+02   f[0][3] =   3.906246000000000e+06
x[4] =   1.800000000000000e+02   f[0][4] =   1.166399600000000e+07
x[5] =   2.450000000000000e+02   f[0][5] =   2.941224600000000e+07

**** AFTER 1-D EXPANSION WITH YTBLS=NULL ****
columnar format --------------
x[0] =  -5.000000000000000e+00   f[0][0] =  -1.502540000000000e+05
x[1] =   2.000000000000000e+01   f[0][1] =   1.599600000000000e+04
x[2] =   4.500000000000000e+01   f[0][2] =   1.822460000000000e+05
x[3] =   8.000000000000000e+01   f[0][3] =   1.023996000000000e+06
x[4] =   1.250000000000000e+02   f[0][4] =   3.906246000000000e+06
x[5] =   1.800000000000000e+02   f[0][5] =   1.166399600000000e+07
x[6] =   2.450000000000000e+02   f[0][6] =   2.941224600000000e+07
x[7] =   3.100000000000000e+02   f[0][7] =   4.716049600000000e+07

**** FORCED ERRORS ****
_eos_CreateGhostData ERROR 2010 EOS_MEM_ALLOCATION_FAILED: EOS table area cannot be expanded because nytbl<1 in eos_Utils::_eos_CreateGhostData
_eos_CreateGhostData ERROR 2010 EOS_MEM_ALLOCATION_FAILED: EOS table area cannot be expanded because nxtbl<4 in eos_Utils::_eos_CreateGhostData
