
"--- Table information for tableType EOS_Pt_DT , tableHandle=0, material=2140 ---"
