
*********************************************************************
*** EOSPAC 6 TEST CASE 1 ***
--- Load data ---
--- Interpolate using tableType EOS_Pt_DT for material 7931 ---
  i=0	X =  8.587448e-01, Y =  2.981500e+02, F = -1.501391e-01, dFx = -4.340909e-01, dFy =  2.859631e-03
  i=1	X =  8.749210e-01, Y =  2.981500e+02, F = -1.560358e-01, dFx = -2.886999e-01, dFy =  2.884550e-03
  i=2	X =  8.997830e-01, Y =  2.981500e+02, F = -1.595467e-01, dFx =  2.998956e-02, dFy =  2.922036e-03
  i=3	X =  9.207589e-01, Y =  2.981500e+02, F = -1.553466e-01, dFx =  3.429622e-01, dFy =  2.952594e-03
  i=4	X =  9.427535e-01, Y =  2.981500e+02, F = -1.446230e-01, dFx =  6.425454e-01, dFy =  2.983504e-03
  i=5	X =  9.561373e-01, Y =  2.981500e+02, F = -1.346084e-01, dFx =  8.587988e-01, dFy =  3.001992e-03
  i=6	X =  9.783864e-01, Y =  2.981500e+02, F = -1.109066e-01, dFx =  1.281005e+00, dFy =  3.032117e-03
  i=7	X =  1.003709e+00, Y =  2.981500e+02, F = -7.222103e-02, dFx =  1.782825e+00, dFy =  3.064443e-03
  i=8	X =  1.019421e+00, Y =  2.981500e+02, F = -4.158170e-02, dFx =  2.121052e+00, dFy =  3.084129e-03
  i=9	X =  1.037346e+00, Y =  2.981500e+02, F =  1.010000e-04, dFx =  2.534907e+00, dFy =  3.106237e-03
  i=10	X =  1.082280e+00, Y =  2.981500e+02, F =  1.245431e-01, dFx =  2.999306e+00, dFy =  3.157790e-03
  i=11	X =  1.165400e+00, Y =  2.981500e+02, F =  4.109001e-01, dFx =  3.903983e+00, dFy =  3.242229e-03
  i=12	X =  1.293150e+00, Y =  2.981500e+02, F =  1.010102e+00, dFx =  5.519057e+00, dFy =  3.346268e-03
  i=13	X =  1.400932e+00, Y =  2.981500e+02, F =  1.690590e+00, dFx =  7.212594e+00, dFy =  3.411564e-03
  i=14	X =  1.513948e+00, Y =  2.981500e+02, F =  2.611460e+00, dFx =  9.386952e+00, dFy =  3.459894e-03
  i=15	X =  1.582719e+00, Y =  2.981500e+02, F =  3.313642e+00, dFx =  1.080451e+01, dFy =  3.481159e-03
  i=16	X =  1.697043e+00, Y =  2.981500e+02, F =  4.740989e+00, dFx =  1.520910e+01, dFy =  3.502910e-03
  i=17	X =  1.827162e+00, Y =  2.981500e+02, F =  6.952761e+00, dFx =  1.757690e+01, dFy =  3.530046e-03
  i=18	X =  1.907894e+00, Y =  2.981500e+02, F =  8.503137e+00, dFx =  2.386097e+01, dFy =  3.602390e-03
  i=19	X =  2.000000e+00, Y =  2.981500e+02, F =  1.580509e+01, dFx =  2.530965e+01, dFy =  2.122738e-03

*********************************************************************
*** EOSPAC 6 TEST CASE 2 ***
--- Set monotonicity options: type=EOS_MONOTONIC_IN_Y (1004) ---
--- Load data ---
--- Interpolate using tableType EOS_Pt_DT for material 7931 ---
  i=0	X =  8.587448e-01, Y =  2.981500e+02, F = -1.501391e-01, dFx = -4.340909e-01, dFy =  2.859631e-03
  i=1	X =  8.749210e-01, Y =  2.981500e+02, F = -1.560358e-01, dFx = -2.886999e-01, dFy =  2.884550e-03
  i=2	X =  8.997830e-01, Y =  2.981500e+02, F = -1.595467e-01, dFx =  2.998956e-02, dFy =  2.922036e-03
  i=3	X =  9.207589e-01, Y =  2.981500e+02, F = -1.553466e-01, dFx =  3.429622e-01, dFy =  2.952594e-03
  i=4	X =  9.427535e-01, Y =  2.981500e+02, F = -1.446230e-01, dFx =  6.425454e-01, dFy =  2.983504e-03
  i=5	X =  9.561373e-01, Y =  2.981500e+02, F = -1.346084e-01, dFx =  8.587988e-01, dFy =  3.001992e-03
  i=6	X =  9.783864e-01, Y =  2.981500e+02, F = -1.109066e-01, dFx =  1.281005e+00, dFy =  3.032117e-03
  i=7	X =  1.003709e+00, Y =  2.981500e+02, F = -7.222103e-02, dFx =  1.782825e+00, dFy =  3.064443e-03
  i=8	X =  1.019421e+00, Y =  2.981500e+02, F = -4.158170e-02, dFx =  2.121052e+00, dFy =  3.084129e-03
  i=9	X =  1.037346e+00, Y =  2.981500e+02, F =  1.010000e-04, dFx =  2.534907e+00, dFy =  3.106237e-03
  i=10	X =  1.082280e+00, Y =  2.981500e+02, F =  1.245431e-01, dFx =  2.999306e+00, dFy =  3.157790e-03
  i=11	X =  1.165400e+00, Y =  2.981500e+02, F =  4.109001e-01, dFx =  3.903983e+00, dFy =  3.242229e-03
  i=12	X =  1.293150e+00, Y =  2.981500e+02, F =  1.010102e+00, dFx =  5.519057e+00, dFy =  3.346268e-03
  i=13	X =  1.400932e+00, Y =  2.981500e+02, F =  1.690590e+00, dFx =  7.212594e+00, dFy =  3.411564e-03
  i=14	X =  1.513948e+00, Y =  2.981500e+02, F =  2.611460e+00, dFx =  9.386952e+00, dFy =  3.459894e-03
  i=15	X =  1.582719e+00, Y =  2.981500e+02, F =  3.313642e+00, dFx =  1.080451e+01, dFy =  3.481159e-03
  i=16	X =  1.697043e+00, Y =  2.981500e+02, F =  4.740989e+00, dFx =  1.520910e+01, dFy =  3.502910e-03
  i=17	X =  1.827162e+00, Y =  2.981500e+02, F =  6.952761e+00, dFx =  1.757690e+01, dFy =  3.530046e-03
  i=18	X =  1.907894e+00, Y =  2.981500e+02, F =  8.503137e+00, dFx =  2.386097e+01, dFy =  3.602390e-03
  i=19	X =  2.000000e+00, Y =  2.981500e+02, F =  1.580509e+01, dFx =  2.530965e+01, dFy =  2.122738e-03

*********************************************************************
*** EOSPAC 6 TEST CASE 3 ***
--- Set monotonicity options: type=EOS_MONOTONIC_IN_X (1003) ---
--- Load data ---
--- Interpolate using tableType EOS_Pt_DT for material 7931 ---
  i=0	X =  8.587448e-01, Y =  2.981500e+02, F =  9.945725e-02, dFx =  6.739426e-07, dFy =  2.263586e-03
  i=1	X =  8.749210e-01, Y =  2.981500e+02, F =  9.945726e-02, dFx =  6.861840e-07, dFy =  2.263586e-03
  i=2	X =  8.997830e-01, Y =  2.981500e+02, F =  9.945728e-02, dFx =  7.049985e-07, dFy =  2.263585e-03
  i=3	X =  9.207589e-01, Y =  2.981500e+02, F =  9.945729e-02, dFx =  7.132907e-07, dFy =  2.263585e-03
  i=4	X =  9.427535e-01, Y =  2.981500e+02, F =  9.945731e-02, dFx =  7.134298e-07, dFy =  2.263584e-03
  i=5	X =  9.561373e-01, Y =  2.981500e+02, F =  9.945732e-02, dFx =  7.138549e-07, dFy =  2.263584e-03
  i=6	X =  9.783864e-01, Y =  2.981500e+02, F =  9.945738e-02, dFx =  1.152651e-05, dFy =  2.263098e-03
  i=7	X =  1.003709e+00, Y =  2.981500e+02, F =  9.945744e-02, dFx = -6.824209e-06, dFy =  2.222547e-03
  i=8	X =  1.019421e+00, Y =  2.981500e+02, F =  9.945724e-02, dFx = -1.798539e-05, dFy =  2.230641e-03
  i=9	X =  1.037346e+00, Y =  2.981500e+02, F =  9.945695e-02, dFx =  1.524770e-04, dFy =  2.349034e-03
  i=10	X =  1.082280e+00, Y =  2.981500e+02, F =  1.267011e-01, dFx =  2.640187e+00, dFy =  2.842010e-03
  i=11	X =  1.165400e+00, Y =  2.981500e+02, F =  4.109001e-01, dFx =  3.903983e+00, dFy =  3.242229e-03
  i=12	X =  1.293150e+00, Y =  2.981500e+02, F =  1.010102e+00, dFx =  5.519057e+00, dFy =  3.346268e-03
  i=13	X =  1.400932e+00, Y =  2.981500e+02, F =  1.690590e+00, dFx =  7.212594e+00, dFy =  3.411564e-03
  i=14	X =  1.513948e+00, Y =  2.981500e+02, F =  2.611460e+00, dFx =  9.386952e+00, dFy =  3.459894e-03
  i=15	X =  1.582719e+00, Y =  2.981500e+02, F =  3.313642e+00, dFx =  1.080451e+01, dFy =  3.481159e-03
  i=16	X =  1.697043e+00, Y =  2.981500e+02, F =  4.740989e+00, dFx =  1.520910e+01, dFy =  3.502910e-03
  i=17	X =  1.827162e+00, Y =  2.981500e+02, F =  6.952761e+00, dFx =  1.757690e+01, dFy =  3.530046e-03
  i=18	X =  1.907894e+00, Y =  2.981500e+02, F =  8.503137e+00, dFx =  2.386097e+01, dFy =  3.602390e-03
  i=19	X =  2.000000e+00, Y =  2.981500e+02, F =  1.580509e+01, dFx =  2.530965e+01, dFy =  2.122738e-03

*********************************************************************
*** EOSPAC 6 TEST CASE 4 ***
--- Load data ---
--- Interpolate using tableType EOS_Ut_DT for material 7931 ---
  i=0	X =  8.587448e-01, Y =  2.981500e+02, F =  2.130150e-01, dFx = -1.412270e+00, dFy =  2.752934e-03
  i=1	X =  8.749210e-01, Y =  2.981500e+02, F =  1.903876e-01, dFx = -1.384378e+00, dFy =  2.741990e-03
  i=2	X =  8.997830e-01, Y =  2.981500e+02, F =  1.566326e-01, dFx = -1.327715e+00, dFy =  2.725340e-03
  i=3	X =  9.207589e-01, Y =  2.981500e+02, F =  1.293819e-01, dFx = -1.274391e+00, dFy =  2.711164e-03
  i=4	X =  9.427535e-01, Y =  2.981500e+02, F =  1.019112e-01, dFx = -1.222075e+00, dFy =  2.696120e-03
  i=5	X =  9.561373e-01, Y =  2.981500e+02, F =  8.579574e-02, dFx = -1.185464e+00, dFy =  2.687050e-03
  i=6	X =  9.783864e-01, Y =  2.981500e+02, F =  6.017754e-02, dFx = -1.116359e+00, dFy =  2.672058e-03
  i=7	X =  1.003709e+00, Y =  2.981500e+02, F =  3.289733e-02, dFx = -1.036980e+00, dFy =  2.654383e-03
  i=8	X =  1.019421e+00, Y =  2.981500e+02, F =  1.701832e-02, dFx = -9.838125e-01, dFy =  2.643493e-03
  i=9	X =  1.037346e+00, Y =  2.981500e+02, F = -4.343610e-05, dFx = -9.191082e-01, dFy =  2.631168e-03
  i=10	X =  1.082280e+00, Y =  2.981500e+02, F = -3.754632e-02, dFx = -7.510983e-01, dFy =  2.599415e-03
  i=11	X =  1.165400e+00, Y =  2.981500e+02, F = -8.758716e-02, dFx = -4.560275e-01, dFy =  2.539121e-03
  i=12	X =  1.293150e+00, Y =  2.981500e+02, F = -1.188188e-01, dFx = -3.829645e-02, dFy =  2.443403e-03
  i=13	X =  1.400932e+00, Y =  2.981500e+02, F = -1.047033e-01, dFx =  2.951701e-01, dFy =  2.360510e-03
  i=14	X =  1.513948e+00, Y =  2.981500e+02, F = -5.176178e-02, dFx =  6.444292e-01, dFy =  2.272635e-03
  i=15	X =  1.582719e+00, Y =  2.981500e+02, F = -4.297220e-04, dFx =  8.439296e-01, dFy =  2.219579e-03
  i=16	X =  1.697043e+00, Y =  2.981500e+02, F =  1.179932e-01, dFx =  1.253740e+00, dFy =  2.131136e-03
  i=17	X =  1.827162e+00, Y =  2.981500e+02, F =  2.918525e-01, dFx =  1.350766e+00, dFy =  2.035358e-03
  i=18	X =  1.907894e+00, Y =  2.981500e+02, F =  4.037589e-01, dFx =  1.500722e+00, dFy =  1.976980e-03
  i=19	X =  2.000000e+00, Y =  2.981500e+02, F =  1.799786e+00, dFx =  3.109108e+00, dFy =  1.673714e-03

*********************************************************************
*** EOSPAC 6 TEST CASE 5 ***
--- Set monotonicity options: type=EOS_MONOTONIC_IN_Y (1004) ---
--- Load data ---
--- Interpolate using tableType EOS_Ut_DT for material 7931 ---
  i=0	X =  8.587448e-01, Y =  2.981500e+02, F =  2.130150e-01, dFx = -1.412270e+00, dFy =  2.752934e-03
  i=1	X =  8.749210e-01, Y =  2.981500e+02, F =  1.903876e-01, dFx = -1.384378e+00, dFy =  2.741990e-03
  i=2	X =  8.997830e-01, Y =  2.981500e+02, F =  1.566326e-01, dFx = -1.327715e+00, dFy =  2.725340e-03
  i=3	X =  9.207589e-01, Y =  2.981500e+02, F =  1.293819e-01, dFx = -1.274391e+00, dFy =  2.711164e-03
  i=4	X =  9.427535e-01, Y =  2.981500e+02, F =  1.019112e-01, dFx = -1.222075e+00, dFy =  2.696120e-03
  i=5	X =  9.561373e-01, Y =  2.981500e+02, F =  8.579574e-02, dFx = -1.185464e+00, dFy =  2.687050e-03
  i=6	X =  9.783864e-01, Y =  2.981500e+02, F =  6.017754e-02, dFx = -1.116359e+00, dFy =  2.672058e-03
  i=7	X =  1.003709e+00, Y =  2.981500e+02, F =  3.289733e-02, dFx = -1.036980e+00, dFy =  2.654383e-03
  i=8	X =  1.019421e+00, Y =  2.981500e+02, F =  1.701832e-02, dFx = -9.838125e-01, dFy =  2.643493e-03
  i=9	X =  1.037346e+00, Y =  2.981500e+02, F = -4.343610e-05, dFx = -9.191082e-01, dFy =  2.631168e-03
  i=10	X =  1.082280e+00, Y =  2.981500e+02, F = -3.754632e-02, dFx = -7.510983e-01, dFy =  2.599415e-03
  i=11	X =  1.165400e+00, Y =  2.981500e+02, F = -8.758716e-02, dFx = -4.560275e-01, dFy =  2.539121e-03
  i=12	X =  1.293150e+00, Y =  2.981500e+02, F = -1.188188e-01, dFx = -3.829645e-02, dFy =  2.443403e-03
  i=13	X =  1.400932e+00, Y =  2.981500e+02, F = -1.047033e-01, dFx =  2.951701e-01, dFy =  2.360510e-03
  i=14	X =  1.513948e+00, Y =  2.981500e+02, F = -5.176178e-02, dFx =  6.444292e-01, dFy =  2.272635e-03
  i=15	X =  1.582719e+00, Y =  2.981500e+02, F = -4.297220e-04, dFx =  8.439296e-01, dFy =  2.219579e-03
  i=16	X =  1.697043e+00, Y =  2.981500e+02, F =  1.179932e-01, dFx =  1.253740e+00, dFy =  2.131136e-03
  i=17	X =  1.827162e+00, Y =  2.981500e+02, F =  2.918525e-01, dFx =  1.350766e+00, dFy =  2.035358e-03
  i=18	X =  1.907894e+00, Y =  2.981500e+02, F =  4.037589e-01, dFx =  1.500722e+00, dFy =  1.976980e-03
  i=19	X =  2.000000e+00, Y =  2.981500e+02, F =  1.799786e+00, dFx =  3.109108e+00, dFy =  1.673714e-03

*********************************************************************
*** EOSPAC 6 TEST CASE 6 ***
--- Set monotonicity options: type=EOS_MONOTONIC_IN_X (1003) ---
--- Load data ---
eos_LoadTables ERROR 2042: EOS_CANT_MAKE_MONOTONIC: Can't make data monotonic in X
5: eos_LoadTables ERROR 62021: EOS_INVALID_TABLE_HANDLE: Invalid table handle because EOS_CANT_MAKE_MONOTONIC: Can't make data monotonic in X

*********************************************************************
*** EOSPAC 6 TEST CASE 7 ***
--- Load data ---
--- Interpolate using tableType EOS_D_PtT for material 7931 ---
eos_Interpolate ERROR 72008: EOS_INTERP_EXTRAPOLATED: Interpolation caused extrapolation beyond data table boundaries
  i=0	X = -1.501391e-01, Y =  2.981500e+02, F = -1.038000e-06, dFx =  2.696088e+00, dFy =  3.481473e-09, extrap: 2028
  i=1	X = -1.560358e-01, Y =  2.981500e+02, F = -1.038000e-06, dFx =  2.696088e+00, dFy =  3.481473e-09, extrap: 2028
  i=2	X = -1.595467e-01, Y =  2.981500e+02, F = -1.038000e-06, dFx =  2.696088e+00, dFy =  3.481473e-09, extrap: 2028
  i=3	X = -1.553466e-01, Y =  2.981500e+02, F = -1.038000e-06, dFx =  2.696088e+00, dFy =  3.481473e-09, extrap: 2028
  i=4	X = -1.446230e-01, Y =  2.981500e+02, F = -1.038000e-06, dFx =  2.696088e+00, dFy =  3.481473e-09, extrap: 2028
  i=5	X = -1.346084e-01, Y =  2.981500e+02, F = -1.038000e-06, dFx =  2.696088e+00, dFy =  3.481473e-09, extrap: 2028
  i=6	X = -1.109066e-01, Y =  2.981500e+02, F = -1.038000e-06, dFx =  2.696088e+00, dFy =  3.481473e-09, extrap: 2028
  i=7	X = -7.222103e-02, Y =  2.981500e+02, F = -1.038000e-06, dFx =  2.696088e+00, dFy =  3.481473e-09, extrap: 2028
  i=8	X = -4.158170e-02, Y =  2.981500e+02, F = -1.038000e-06, dFx =  2.696088e+00, dFy =  3.481473e-09, extrap: 2028
  i=9	X =  1.010000e-04, Y =  2.981500e+02, F =  3.179013e-04, dFx =  3.151959e+00, dFy = -2.225172e-03
  i=10	X =  1.245431e-01, Y =  2.981500e+02, F =  1.081456e+00, dFx =  3.853311e-01, dFy = -1.090249e-03
  i=11	X =  4.109001e-01, Y =  2.981500e+02, F =  1.165400e+00, dFx =  2.561487e-01, dFy = -8.304927e-04
  i=12	X =  1.010102e+00, Y =  2.981500e+02, F =  1.293150e+00, dFx =  1.811904e-01, dFy = -6.063116e-04
  i=13	X =  1.690590e+00, Y =  2.981500e+02, F =  1.400932e+00, dFx =  1.386464e-01, dFy = -4.730010e-04
  i=14	X =  2.611460e+00, Y =  2.981500e+02, F =  1.513948e+00, dFx =  1.065309e-01, dFy = -3.685855e-04
  i=15	X =  3.313642e+00, Y =  2.981500e+02, F =  1.582719e+00, dFx =  9.255391e-02, dFy = -3.221949e-04
  i=16	X =  4.740989e+00, Y =  2.981500e+02, F =  1.697043e+00, dFx =  6.575010e-02, dFy = -2.303167e-04
  i=17	X =  6.952761e+00, Y =  2.981500e+02, F =  1.827162e+00, dFx =  5.689286e-02, dFy = -2.008344e-04
  i=18	X =  8.503137e+00, Y =  2.981500e+02, F =  1.907894e+00, dFx =  4.190945e-02, dFy = -1.509742e-04
  i=19	X =  1.580509e+01, Y =  2.981500e+02, F =  2.000000e+00, dFx =  3.951062e-02, dFy = -8.387069e-05

*********************************************************************
*** EOSPAC 6 TEST CASE 8 ***
--- Load data ---
--- Interpolate using tableType EOS_T_DPt for material 7931 ---
  i=0	X =  8.587448e-01, Y = -1.501391e-01, F =  2.981500e+02, dFx =  1.517996e+02, dFy =  3.496955e+02
  i=1	X =  8.749210e-01, Y = -1.560358e-01, F =  2.981500e+02, dFx =  1.000849e+02, dFy =  3.466745e+02
  i=2	X =  8.997830e-01, Y = -1.595467e-01, F =  2.981500e+02, dFx = -1.026324e+01, dFy =  3.422271e+02
  i=3	X =  9.207589e-01, Y = -1.553466e-01, F =  2.981500e+02, dFx = -1.161562e+02, dFy =  3.386852e+02
  i=4	X =  9.427535e-01, Y = -1.446230e-01, F =  2.981500e+02, dFx = -2.153660e+02, dFy =  3.351764e+02
  i=5	X =  9.561373e-01, Y = -1.346084e-01, F =  2.981500e+02, dFx = -2.860763e+02, dFy =  3.331121e+02
  i=6	X =  9.783864e-01, Y = -1.109066e-01, F =  2.981500e+02, dFx = -4.224787e+02, dFy =  3.298026e+02
  i=7	X =  1.003709e+00, Y = -7.222103e-02, F =  2.981500e+02, dFx = -5.817777e+02, dFy =  3.263236e+02
  i=8	X =  1.019421e+00, Y = -4.158170e-02, F =  2.981500e+02, dFx = -6.877312e+02, dFy =  3.242407e+02
  i=9	X =  1.037346e+00, Y =  1.010000e-04, F =  2.981500e+02, dFx = -8.160699e+02, dFy =  3.219329e+02
  i=10	X =  1.082280e+00, Y =  1.245431e-01, F =  2.981500e+02, dFx = -9.498118e+02, dFy =  3.166772e+02
  i=11	X =  1.165400e+00, Y =  4.109001e-01, F =  2.981500e+02, dFx = -1.204105e+03, dFy =  3.084298e+02
  i=12	X =  1.293150e+00, Y =  1.010102e+00, F =  2.981500e+02, dFx = -1.649317e+03, dFy =  2.988404e+02
  i=13	X =  1.400932e+00, Y =  1.690590e+00, F =  2.981500e+02, dFx = -2.114160e+03, dFy =  2.931207e+02
  i=14	X =  1.513948e+00, Y =  2.611460e+00, F =  2.981500e+02, dFx = -2.713075e+03, dFy =  2.890262e+02
  i=15	X =  1.582719e+00, Y =  3.313642e+00, F =  2.981500e+02, dFx = -3.103712e+03, dFy =  2.872607e+02
  i=16	X =  1.697043e+00, Y =  4.740989e+00, F =  2.981500e+02, dFx = -4.341848e+03, dFy =  2.854770e+02
  i=17	X =  1.827162e+00, Y =  6.952761e+00, F =  2.981500e+02, dFx = -4.979226e+03, dFy =  2.832824e+02
  i=18	X =  1.907894e+00, Y =  8.503137e+00, F =  2.981500e+02, dFx = -6.623648e+03, dFy =  2.775935e+02
  i=19	X =  2.000000e+00, Y =  1.580509e+01, F =  2.981500e+02, dFx = -1.192312e+04, dFy =  4.710897e+02

*********************************************************************
*** EOSPAC 6 TEST CASE 9 ***
--- Load data ---
--- Interpolate using tableType EOS_T_DUt for material 7931 ---
  i=0	X =  8.587448e-01, Y =  2.130150e-01, F =  2.981500e+02, dFx =  5.130052e+02, dFy =  3.632488e+02
  i=1	X =  8.749210e-01, Y =  1.903876e-01, F =  2.981500e+02, dFx =  5.048808e+02, dFy =  3.646986e+02
  i=2	X =  8.997830e-01, Y =  1.566326e-01, F =  2.981500e+02, dFx =  4.871741e+02, dFy =  3.669268e+02
  i=3	X =  9.207589e-01, Y =  1.293819e-01, F =  2.981500e+02, dFx =  4.700531e+02, dFy =  3.688452e+02
  i=4	X =  9.427535e-01, Y =  1.019112e-01, F =  2.981500e+02, dFx =  4.532717e+02, dFy =  3.709034e+02
  i=5	X =  9.561373e-01, Y =  8.579574e-02, F =  2.981500e+02, dFx =  4.411766e+02, dFy =  3.721553e+02
  i=6	X =  9.783864e-01, Y =  6.017754e-02, F =  2.981500e+02, dFx =  4.177898e+02, dFy =  3.742433e+02
  i=7	X =  1.003709e+00, Y =  3.289733e-02, F =  2.981500e+02, dFx =  3.906673e+02, dFy =  3.767354e+02
  i=8	X =  1.019421e+00, Y =  1.701832e-02, F =  2.981500e+02, dFx =  3.721638e+02, dFy =  3.782873e+02
  i=9	X =  1.037346e+00, Y = -4.343610e-05, F =  2.981500e+02, dFx =  3.493157e+02, dFy =  3.800594e+02
  i=10	X =  1.082280e+00, Y = -3.754632e-02, F =  2.981500e+02, dFx =  2.889490e+02, dFy =  3.847020e+02
  i=11	X =  1.165400e+00, Y = -8.758716e-02, F =  2.981500e+02, dFx =  1.796006e+02, dFy =  3.938371e+02
  i=12	X =  1.293150e+00, Y = -1.188188e-01, F =  2.981500e+02, dFx =  1.567341e+01, dFy =  4.092653e+02
  i=13	X =  1.400932e+00, Y = -1.047033e-01, F =  2.981500e+02, dFx = -1.250450e+02, dFy =  4.236373e+02
  i=14	X =  1.513948e+00, Y = -5.176178e-02, F =  2.981500e+02, dFx = -2.835603e+02, dFy =  4.400179e+02
  i=15	X =  1.582719e+00, Y = -4.297220e-04, F =  2.981500e+02, dFx = -3.802205e+02, dFy =  4.505359e+02
  i=16	X =  1.697043e+00, Y =  1.179932e-01, F =  2.981500e+02, dFx = -5.882966e+02, dFy =  4.692333e+02
  i=17	X =  1.827162e+00, Y =  2.918525e-01, F =  2.981500e+02, dFx = -6.636501e+02, dFy =  4.913140e+02
  i=18	X =  1.907894e+00, Y =  4.037589e-01, F =  2.981500e+02, dFx = -7.590980e+02, dFy =  5.058219e+02
  i=19	X =  2.000000e+00, Y =  1.799786e+00, F =  2.981500e+02, dFx = -1.857610e+03, dFy =  5.974736e+02
